#
# There is insufficient memory for the Java Runtime Environment to continue.
# Native memory allocation (malloc) failed to allocate 1048576 bytes. Error detail: AllocateHeap
# Possible reasons:
#   The system is out of physical RAM or swap space
#   This process is running with CompressedOops enabled, and the Java Heap may be blocking the growth of the native heap
# Possible solutions:
#   Reduce memory load on the system
#   Increase physical memory or swap space
#   Check if swap backing store is full
#   Decrease Java heap size (-Xmx/-Xms)
#   Decrease number of Java threads
#   Decrease Java thread stack sizes (-Xss)
#   Set larger code cache with -XX:ReservedCodeCacheSize=
#   JVM is running with Unscaled Compressed Oops mode in which the Java heap is
#     placed in the first 4GB address space. The Java Heap base address is the
#     maximum limit for the native heap growth. Please use -XX:HeapBaseMinAddress
#     to set the Java Heap base and to place the Java Heap above 4GB virtual address.
# This output file may be truncated or incomplete.
#
#  Out of Memory Error (allocation.cpp:44), pid=9088, tid=23308
#
# JRE version: OpenJDK Runtime Environment Temurin-21.0.8+9 (21.0.8+9) (build 21.0.8+9-LTS)
# Java VM: OpenJDK 64-Bit Server VM Temurin-21.0.8+9 (21.0.8+9-LTS, mixed mode, sharing, tiered, compressed oops, compressed class ptrs, parallel gc, windows-amd64)
# No core dump will be written. Minidumps are not enabled by default on client versions of Windows
#

---------------  S U M M A R Y ------------

Command Line: --add-modules=ALL-SYSTEM --add-opens=java.base/java.util=ALL-UNNAMED --add-opens=java.base/java.lang=ALL-UNNAMED --add-opens=java.base/sun.nio.fs=ALL-UNNAMED -Declipse.application=org.eclipse.jdt.ls.core.id1 -Dosgi.bundles.defaultStartLevel=4 -Declipse.product=org.eclipse.jdt.ls.core.product -Djava.import.generatesMetadataFilesAtProjectRoot=false -DDetectVMInstallationsJob.disabled=true -Dfile.encoding=utf8 -XX:+UseParallelGC -XX:GCTimeRatio=4 -XX:AdaptiveSizePolicyWeight=90 -Dsun.zip.disableMemoryMapping=true -Xmx2G -Xms100m -Xlog:disable -javaagent:c:\Users\Evans Kojo Aidoo\.cursor\extensions\redhat.java-1.45.0-win32-x64\lombok\lombok-1.18.39-4050.jar -XX:+HeapDumpOnOutOfMemoryError -XX:HeapDumpPath=c:\Users\Evans Kojo Aidoo\AppData\Roaming\Cursor\User\workspaceStorage\29729b227c44ccf91c9fd662e58fc224\redhat.java -Daether.dependencyCollector.impl=bf c:\Users\Evans Kojo Aidoo\.cursor\extensions\redhat.java-1.45.0-win32-x64\server\plugins\org.eclipse.equinox.launcher_1.7.0.v20250519-0528.jar -configuration c:\Users\Evans Kojo Aidoo\AppData\Roaming\Cursor\User\globalStorage\redhat.java\1.45.0\config_win -data c:\Users\Evans Kojo Aidoo\AppData\Roaming\Cursor\User\workspaceStorage\29729b227c44ccf91c9fd662e58fc224\redhat.java\jdt_ws --pipe=\\.\pipe\lsp-026f3aeebf88ae06d44d467e5b93242a-sock

Host: Intel(R) Core(TM) i5-1035G1 CPU @ 1.00GHz, 8 cores, 7G,  Windows 11 , 64 bit Build 26100 (10.0.26100.5074)
Time: Sun Oct  5 00:04:03 2025 Greenwich Standard Time elapsed time: 357.390013 seconds (0d 0h 5m 57s)

---------------  T H R E A D  ---------------

Current thread (0x00000250144cc890):  JavaThread "Attach Listener" daemon [_thread_in_vm, id=23308, stack(0x000000c056900000,0x000000c056a00000) (1024K)]

Stack: [0x000000c056900000,0x000000c056a00000]
Native frames: (J=compiled Java code, j=interpreted, Vv=VM code, C=native code)
V  [jvm.dll+0x6d2449]
V  [jvm.dll+0x8ae341]
V  [jvm.dll+0x8b08be]
V  [jvm.dll+0x8b0fa3]
V  [jvm.dll+0x280c96]
V  [jvm.dll+0xc0347]
V  [jvm.dll+0x6d2cf9]
V  [jvm.dll+0x131116]
V  [jvm.dll+0x3f2d16]
V  [jvm.dll+0x857e6b]
V  [jvm.dll+0x6d0b0d]
C  [ucrtbase.dll+0x37b0]
C  [KERNEL32.DLL+0x2e8d7]
C  [ntdll.dll+0x8d9c]


---------------  P R O C E S S  ---------------

Threads class SMR info:
_java_thread_list=0x000002507419c970, length=60, elements={
0x0000025014550c60, 0x00000250144c83d0, 0x000002501460c880, 0x000002501460e960,
0x00000250144cc890, 0x00000250144cf2f0, 0x00000250144cfd40, 0x00000250144d0b70,
0x000002506d893560, 0x000002506d94d6a0, 0x000002506dbd6cf0, 0x000002507285a880,
0x0000025072475040, 0x000002506d9aa9f0, 0x000002506d9a7fe0, 0x000002506dc46020,
0x000002506daf3e00, 0x00000250728c3860, 0x00000250728c4c10, 0x00000250728c4580,
0x0000025074787ca0, 0x00000250747889c0, 0x0000025074786f80, 0x0000025074789d70,
0x000002507478aa90, 0x000002507478b120, 0x0000025074789050, 0x000002507478b7b0,
0x00000250747896e0, 0x0000025074788330, 0x000002507478d1f0, 0x000002507478d880,
0x000002507478be40, 0x000002507478c4d0, 0x0000025074c7bc40, 0x0000025074c7c2d0,
0x0000025074c7cff0, 0x0000025074c7d680, 0x0000025074c7a200, 0x0000025074c7dd10,
0x0000025074c7a890, 0x0000025074c7e3a0, 0x0000025074c80470, 0x0000025004986130,
0x0000025004985410, 0x0000025004985aa0, 0x0000025004984d80, 0x00000250049867c0,
0x00000250049846f0, 0x00000250743bc060, 0x00000250743b8be0, 0x00000250743bdaa0,
0x0000025000a48950, 0x0000025000a4b740, 0x0000025000a49d00, 0x0000025000a4b0b0,
0x0000025000a482c0, 0x0000025000a4bdd0, 0x0000025000a49670, 0x0000025000a4f250
}

Java Threads: ( => current thread )
  0x0000025014550c60 JavaThread "main"                              [_thread_blocked, id=18672, stack(0x000000c056100000,0x000000c056200000) (1024K)]
  0x00000250144c83d0 JavaThread "Reference Handler"          daemon [_thread_blocked, id=25880, stack(0x000000c056600000,0x000000c056700000) (1024K)]
  0x000002501460c880 JavaThread "Finalizer"                  daemon [_thread_blocked, id=22996, stack(0x000000c056700000,0x000000c056800000) (1024K)]
  0x000002501460e960 JavaThread "Signal Dispatcher"          daemon [_thread_blocked, id=10372, stack(0x000000c056800000,0x000000c056900000) (1024K)]
=>0x00000250144cc890 JavaThread "Attach Listener"            daemon [_thread_in_vm, id=23308, stack(0x000000c056900000,0x000000c056a00000) (1024K)]
  0x00000250144cf2f0 JavaThread "Service Thread"             daemon [_thread_blocked, id=18480, stack(0x000000c056a00000,0x000000c056b00000) (1024K)]
  0x00000250144cfd40 JavaThread "Monitor Deflation Thread"   daemon [_thread_blocked, id=21056, stack(0x000000c056b00000,0x000000c056c00000) (1024K)]
  0x00000250144d0b70 JavaThread "C2 CompilerThread0"         daemon [_thread_blocked, id=23780, stack(0x000000c056c00000,0x000000c056d00000) (1024K)]
  0x000002506d893560 JavaThread "C1 CompilerThread0"         daemon [_thread_blocked, id=20376, stack(0x000000c056d00000,0x000000c056e00000) (1024K)]
  0x000002506d94d6a0 JavaThread "Common-Cleaner"             daemon [_thread_blocked, id=26620, stack(0x000000c056e00000,0x000000c056f00000) (1024K)]
  0x000002506dbd6cf0 JavaThread "Notification Thread"        daemon [_thread_blocked, id=6652, stack(0x000000c056f00000,0x000000c057000000) (1024K)]
  0x000002507285a880 JavaThread "Active Thread: Equinox Container: e3110304-a8ca-4e1d-9afc-014ac41fded8"        [_thread_blocked, id=24936, stack(0x000000c057600000,0x000000c057700000) (1024K)]
  0x0000025072475040 JavaThread "Refresh Thread: Equinox Container: e3110304-a8ca-4e1d-9afc-014ac41fded8" daemon [_thread_blocked, id=19768, stack(0x000000c057800000,0x000000c057900000) (1024K)]
  0x000002506d9aa9f0 JavaThread "Framework Event Dispatcher: Equinox Container: e3110304-a8ca-4e1d-9afc-014ac41fded8" daemon [_thread_blocked, id=2008, stack(0x000000c057900000,0x000000c057a00000) (1024K)]
  0x000002506d9a7fe0 JavaThread "Start Level: Equinox Container: e3110304-a8ca-4e1d-9afc-014ac41fded8" daemon [_thread_blocked, id=8424, stack(0x000000c057a00000,0x000000c057b00000) (1024K)]
  0x000002506dc46020 JavaThread "Bundle File Closer"         daemon [_thread_blocked, id=5248, stack(0x000000c057c00000,0x000000c057d00000) (1024K)]
  0x000002506daf3e00 JavaThread "SCR Component Actor"        daemon [_thread_blocked, id=25284, stack(0x000000c057b00000,0x000000c057c00000) (1024K)]
  0x00000250728c3860 JavaThread "Worker-JM"                         [_thread_blocked, id=6640, stack(0x000000c057f00000,0x000000c058000000) (1024K)]
  0x00000250728c4c10 JavaThread "JNA Cleaner"                daemon [_thread_blocked, id=27480, stack(0x000000c057e00000,0x000000c057f00000) (1024K)]
  0x00000250728c4580 JavaThread "Worker-1"                          [_thread_blocked, id=22568, stack(0x000000c058200000,0x000000c058300000) (1024K)]
  0x0000025074787ca0 JavaThread "Java indexing"              daemon [_thread_blocked, id=5952, stack(0x000000c058600000,0x000000c058700000) (1024K)]
  0x00000250747889c0 JavaThread "Worker-4"                          [_thread_blocked, id=23512, stack(0x000000c058700000,0x000000c058800000) (1024K)]
  0x0000025074786f80 JavaThread "Thread-2"                   daemon [_thread_in_native, id=11616, stack(0x000000c058a00000,0x000000c058b00000) (1024K)]
  0x0000025074789d70 JavaThread "Thread-3"                   daemon [_thread_in_native, id=25348, stack(0x000000c058b00000,0x000000c058c00000) (1024K)]
  0x000002507478aa90 JavaThread "Thread-4"                   daemon [_thread_in_native, id=17076, stack(0x000000c058c00000,0x000000c058d00000) (1024K)]
  0x000002507478b120 JavaThread "Thread-5"                   daemon [_thread_in_native, id=24356, stack(0x000000c058d00000,0x000000c058e00000) (1024K)]
  0x0000025074789050 JavaThread "Thread-6"                   daemon [_thread_in_native, id=27172, stack(0x000000c058e00000,0x000000c058f00000) (1024K)]
  0x000002507478b7b0 JavaThread "Thread-7"                   daemon [_thread_in_native, id=27580, stack(0x000000c058f00000,0x000000c059000000) (1024K)]
  0x00000250747896e0 JavaThread "Thread-8"                   daemon [_thread_in_native, id=20972, stack(0x000000c059000000,0x000000c059100000) (1024K)]
  0x0000025074788330 JavaThread "Thread-9"                   daemon [_thread_in_native, id=23184, stack(0x000000c059100000,0x000000c059200000) (1024K)]
  0x000002507478d1f0 JavaThread "Thread-10"                  daemon [_thread_in_native, id=10840, stack(0x000000c059200000,0x000000c059300000) (1024K)]
  0x000002507478d880 JavaThread "pool-2-thread-1"                   [_thread_blocked, id=6328, stack(0x000000c059300000,0x000000c059400000) (1024K)]
  0x000002507478be40 JavaThread "WorkspaceEventsHandler"            [_thread_blocked, id=23364, stack(0x000000c057d00000,0x000000c057e00000) (1024K)]
  0x000002507478c4d0 JavaThread "pool-1-thread-1"                   [_thread_blocked, id=16904, stack(0x000000c059400000,0x000000c059500000) (1024K)]
  0x0000025074c7bc40 JavaThread "LocalFile Deleter"          daemon [_thread_blocked, id=17008, stack(0x000000c059700000,0x000000c059800000) (1024K)]
  0x0000025074c7c2d0 JavaThread "LocalFile Deleter"          daemon [_thread_blocked, id=24136, stack(0x000000c059800000,0x000000c059900000) (1024K)]
  0x0000025074c7cff0 JavaThread "LocalFile Deleter"          daemon [_thread_blocked, id=19836, stack(0x000000c059c00000,0x000000c059d00000) (1024K)]
  0x0000025074c7d680 JavaThread "Compiler Source File Reader" daemon [_thread_blocked, id=16864, stack(0x000000c059d00000,0x000000c059e00000) (1024K)]
  0x0000025074c7a200 JavaThread "Compiler Source File Reader" daemon [_thread_blocked, id=25292, stack(0x000000c059e00000,0x000000c059f00000) (1024K)]
  0x0000025074c7dd10 JavaThread "Compiler Source File Reader" daemon [_thread_blocked, id=25092, stack(0x000000c059f00000,0x000000c05a000000) (1024K)]
  0x0000025074c7a890 JavaThread "Compiler Source File Reader" daemon [_thread_blocked, id=20328, stack(0x000000c05a000000,0x000000c05a100000) (1024K)]
  0x0000025074c7e3a0 JavaThread "Compiler Source File Reader" daemon [_thread_blocked, id=20088, stack(0x000000c05a100000,0x000000c05a200000) (1024K)]
  0x0000025074c80470 JavaThread "Compiler Source File Reader" daemon [_thread_blocked, id=25080, stack(0x000000c05a200000,0x000000c05a300000) (1024K)]
  0x0000025004986130 JavaThread "Compiler Class File Writer" daemon [_thread_blocked, id=17540, stack(0x000000c058300000,0x000000c058400000) (1024K)]
  0x0000025004985410 JavaThread "Compiler Class File Writer" daemon [_thread_blocked, id=21880, stack(0x000000c05a300000,0x000000c05a400000) (1024K)]
  0x0000025004985aa0 JavaThread "Compiler Class File Writer" daemon [_thread_blocked, id=27028, stack(0x000000c05a400000,0x000000c05a500000) (1024K)]
  0x0000025004984d80 JavaThread "Compiler Class File Writer" daemon [_thread_blocked, id=23468, stack(0x000000c05a600000,0x000000c05a700000) (1024K)]
  0x00000250049867c0 JavaThread "Compiler Class File Writer" daemon [_thread_blocked, id=24148, stack(0x000000c05a700000,0x000000c05a800000) (1024K)]
  0x00000250049846f0 JavaThread "Compiler Class File Writer" daemon [_thread_blocked, id=2668, stack(0x000000c056200000,0x000000c056300000) (1024K)]
  0x00000250743bc060 JavaThread "ForkJoinPool.commonPool-worker-1" daemon [_thread_blocked, id=23344, stack(0x000000c05a800000,0x000000c05a900000) (1024K)]
  0x00000250743b8be0 JavaThread "ForkJoinPool.commonPool-worker-2" daemon [_thread_blocked, id=25772, stack(0x000000c05a900000,0x000000c05aa00000) (1024K)]
  0x00000250743bdaa0 JavaThread "ForkJoinPool.commonPool-worker-3" daemon [_thread_blocked, id=5400, stack(0x000000c05aa00000,0x000000c05ab00000) (1024K)]
  0x0000025000a48950 JavaThread "ForkJoinPool.commonPool-worker-5" daemon [_thread_blocked, id=4044, stack(0x000000c058800000,0x000000c058900000) (1024K)]
  0x0000025000a4b740 JavaThread "ForkJoinPool.commonPool-worker-4" daemon [_thread_blocked, id=18780, stack(0x000000c05ab00000,0x000000c05ac00000) (1024K)]
  0x0000025000a49d00 JavaThread "ForkJoinPool.commonPool-worker-6" daemon [_thread_blocked, id=26768, stack(0x000000c05ad00000,0x000000c05ae00000) (1024K)]
  0x0000025000a4b0b0 JavaThread "ForkJoinPool.commonPool-worker-7" daemon [_thread_blocked, id=26820, stack(0x000000c05ae00000,0x000000c05af00000) (1024K)]
  0x0000025000a482c0 JavaThread "Worker-7"                          [_thread_blocked, id=7736, stack(0x000000c058000000,0x000000c058100000) (1024K)]
  0x0000025000a4bdd0 JavaThread "Worker-8"                          [_thread_blocked, id=15796, stack(0x000000c058100000,0x000000c058200000) (1024K)]
  0x0000025000a49670 JavaThread "Worker-9"                          [_thread_blocked, id=25192, stack(0x000000c058400000,0x000000c058500000) (1024K)]
  0x0000025000a4f250 JavaThread "Compiler Processing Task"   daemon [_thread_blocked, id=4352, stack(0x000000c059500000,0x000000c059600000) (1024K)]
Total: 60

Other Threads:
  0x00000250145f3760 VMThread "VM Thread"                           [id=19228, stack(0x000000c056500000,0x000000c056600000) (1024K)]
  0x00000250145bf350 WatcherThread "VM Periodic Task Thread"        [id=14124, stack(0x000000c056400000,0x000000c056500000) (1024K)]
  0x000002501456e1a0 WorkerThread "GC Thread#0"                     [id=9724, stack(0x000000c056300000,0x000000c056400000) (1024K)]
  0x00000250724befa0 WorkerThread "GC Thread#1"                     [id=16388, stack(0x000000c057000000,0x000000c057100000) (1024K)]
  0x00000250724bf340 WorkerThread "GC Thread#2"                     [id=8912, stack(0x000000c057100000,0x000000c057200000) (1024K)]
  0x000002506dc61000 WorkerThread "GC Thread#3"                     [id=25688, stack(0x000000c057200000,0x000000c057300000) (1024K)]
  0x000002506dc613a0 WorkerThread "GC Thread#4"                     [id=23732, stack(0x000000c057300000,0x000000c057400000) (1024K)]
  0x000002506dc61740 WorkerThread "GC Thread#5"                     [id=4016, stack(0x000000c057400000,0x000000c057500000) (1024K)]
  0x000002506dc61ae0 WorkerThread "GC Thread#6"                     [id=21760, stack(0x000000c057500000,0x000000c057600000) (1024K)]
  0x000002506d8d2ba0 WorkerThread "GC Thread#7"                     [id=17392, stack(0x000000c057700000,0x000000c057800000) (1024K)]
Total: 10

Threads with active compile tasks:
Total: 0

VM state: not at safepoint (normal execution)

VM Mutex/Monitor currently owned by a thread: None

Heap address: 0x0000000080000000, size: 2048 MB, Compressed Oops mode: 32-bit

CDS archive(s) mapped at: [0x000002502b000000-0x000002502bba0000-0x000002502bba0000), size 12189696, SharedBaseAddress: 0x000002502b000000, ArchiveRelocationMode: 1.
Compressed class space mapped at: 0x000002502c000000-0x000002506c000000, reserved size: 1073741824
Narrow klass base: 0x000002502b000000, Narrow klass shift: 0, Narrow klass range: 0x100000000

GC Precious Log:
 CardTable entry size: 512
 CPUs: 8 total, 8 available
 Memory: 7973M
 Large Page Support: Disabled
 NUMA Support: Disabled
 Compressed Oops: Enabled (32-bit)
 Alignments: Space 512K, Generation 512K, Heap 2M
 Heap Min Capacity: 100M
 Heap Initial Capacity: 100M
 Heap Max Capacity: 2G
 Pre-touch: Disabled
 Parallel Workers: 8

Heap:
 PSYoungGen      total 8704K, used 4687K [0x00000000d5580000, 0x00000000d6300000, 0x0000000100000000)
  eden space 7680K, 52% used [0x00000000d5580000,0x00000000d5969810,0x00000000d5d00000)
  from space 1024K, 66% used [0x00000000d6180000,0x00000000d622a400,0x00000000d6280000)
  to   space 512K, 0% used [0x00000000d6280000,0x00000000d6280000,0x00000000d6300000)
 ParOldGen       total 663552K, used 663514K [0x0000000080000000, 0x00000000a8800000, 0x00000000d5580000)
  object space 663552K, 99% used [0x0000000080000000,0x00000000a87f6b80,0x00000000a8800000)
 Metaspace       used 82016K, committed 83584K, reserved 1179648K
  class space    used 8393K, committed 9088K, reserved 1048576K

Card table byte_map: [0x0000025013ef0000,0x0000025014300000] _byte_map_base: 0x0000025013af0000

Marking Bits: (ParMarkBitMap*) 0x00007ffbd855a340
 Begin Bits: [0x00000250269f0000, 0x00000250289f0000)
 End Bits:   [0x00000250289f0000, 0x000002502a9f0000)

Polling page: 0x0000025012300000

Metaspace:

Usage:
  Non-class:     71.90 MB used.
      Class:      8.20 MB used.
       Both:     80.09 MB used.

Virtual space:
  Non-class space:      128.00 MB reserved,      72.75 MB ( 57%) committed,  2 nodes.
      Class space:        1.00 GB reserved,       8.88 MB ( <1%) committed,  1 nodes.
             Both:        1.12 GB reserved,      81.62 MB (  7%) committed. 

Chunk freelists:
   Non-Class:  6.33 MB
       Class:  7.13 MB
        Both:  13.46 MB

MaxMetaspaceSize: unlimited
CompressedClassSpaceSize: 1.00 GB
Initial GC threshold: 21.00 MB
Current GC threshold: 118.44 MB
CDS: on
 - commit_granule_bytes: 65536.
 - commit_granule_words: 8192.
 - virtual_space_node_default_size: 8388608.
 - enlarge_chunks_in_place: 1.
 - use_allocation_guard: 0.


Internal statistics:

num_allocs_failed_limit: 9.
num_arena_births: 1510.
num_arena_deaths: 20.
num_vsnodes_births: 3.
num_vsnodes_deaths: 0.
num_space_committed: 1305.
num_space_uncommitted: 0.
num_chunks_returned_to_freelist: 30.
num_chunks_taken_from_freelist: 5610.
num_chunk_merges: 10.
num_chunk_splits: 3359.
num_chunks_enlarged: 1760.
num_inconsistent_stats: 0.

CodeHeap 'non-profiled nmethods': size=120000Kb used=19764Kb max_used=19764Kb free=100235Kb
 bounds [0x000002501f210000, 0x0000025020560000, 0x0000025026740000]
CodeHeap 'profiled nmethods': size=120000Kb used=46724Kb max_used=46724Kb free=73275Kb
 bounds [0x0000025017740000, 0x000002501a4f0000, 0x000002501ec70000]
CodeHeap 'non-nmethods': size=5760Kb used=1507Kb max_used=1592Kb free=4252Kb
 bounds [0x000002501ec70000, 0x000002501eee0000, 0x000002501f210000]
CodeCache: size=245760Kb, used=67995Kb, max_used=68080Kb, free=177762Kb
 total_blobs=19263, nmethods=18448, adapters=717, full_count=0
Compilation: enabled, stopped_count=0, restarted_count=0

Compilation events (20 events):
Event: 351.448 Thread 0x000002506d893560 nmethod 20419 0x000002501a4ddd90 code [0x000002501a4ddfc0, 0x000002501a4de578]
Event: 351.454 Thread 0x00000250144d0b70 nmethod 20408 0x0000025020554790 code [0x0000025020554a60, 0x0000025020555cb0]
Event: 351.455 Thread 0x00000250144d0b70 20418       4       org.eclipse.jdt.internal.compiler.util.SimpleSetOfCharArray::add (90 bytes)
Event: 351.466 Thread 0x00000250144d0b70 nmethod 20418 0x0000025020556410 code [0x0000025020556600, 0x0000025020556c78]
Event: 351.466 Thread 0x00000250144d0b70 20417       4       org.eclipse.jdt.internal.core.SearchableEnvironment$$Lambda/0x000002502c849a58::apply (12 bytes)
Event: 351.474 Thread 0x00000250144d0b70 nmethod 20417 0x0000025020556e90 code [0x0000025020557040, 0x00000250205574b8]
Event: 351.474 Thread 0x00000250144d0b70 20420       4       org.eclipse.jdt.internal.compiler.lookup.ModuleBinding::combineWithPackagesFromOtherRelevantModules (71 bytes)
Event: 351.475 Thread 0x000002506d893560 20421       3       org.eclipse.jdt.internal.core.NameLookup::getViolatedRestriction (47 bytes)
Event: 351.476 Thread 0x000002506d893560 nmethod 20421 0x000002501a4de790 code [0x000002501a4de9e0, 0x000002501a4defb8]
Event: 351.491 Thread 0x000002506d893560 20423       3       java.util.AbstractList::add (11 bytes)
Event: 351.491 Thread 0x000002506d893560 nmethod 20423 0x000002501a4df290 code [0x000002501a4df440, 0x000002501a4df6f0]
Event: 351.499 Thread 0x000002506d893560 20424  s    3       org.eclipse.jdt.core.dom.ASTNode$NodeList::updateCursors (54 bytes)
Event: 351.500 Thread 0x000002506d893560 nmethod 20424 0x000002501a4df790 code [0x000002501a4df9a0, 0x000002501a4e00b8]
Event: 351.500 Thread 0x000002506d893560 20425       3       org.eclipse.jdt.core.dom.ASTNode$NodeList::add (127 bytes)
Event: 351.502 Thread 0x000002506d893560 nmethod 20425 0x000002501a4e0290 code [0x000002501a4e0500, 0x000002501a4e0d30]
Event: 351.503 Thread 0x000002506d893560 20426       3       org.eclipse.jdt.internal.core.JavaElement::getHandleFromMemento (22 bytes)
Event: 351.504 Thread 0x000002506d893560 nmethod 20426 0x000002501a4e1110 code [0x000002501a4e12e0, 0x000002501a4e1630]
Event: 351.637 Thread 0x00000250144d0b70 nmethod 20420 0x0000025020557710 code [0x0000025020557ac0, 0x0000025020559890]
Event: 351.637 Thread 0x00000250144d0b70 20422       4       org.eclipse.jdt.internal.compiler.lookup.PackageBinding::getType (104 bytes)
Event: 351.708 Thread 0x00000250144d0b70 nmethod 20422 0x000002502055ac90 code [0x000002502055afe0, 0x000002502055c358]

GC Heap History (20 events):
Event: 330.102 GC heap before
{Heap before GC invocations=720 (full 4):
 PSYoungGen      total 9216K, used 9203K [0x00000000d5580000, 0x00000000d6a80000, 0x0000000100000000)
  eden space 5120K, 100% used [0x00000000d5580000,0x00000000d5a80000,0x00000000d5a80000)
  from space 4096K, 99% used [0x00000000d5a80000,0x00000000d5e7ce48,0x00000000d5e80000)
  to   space 8192K, 0% used [0x00000000d6280000,0x00000000d6280000,0x00000000d6a80000)
 ParOldGen       total 646144K, used 642878K [0x0000000080000000, 0x00000000a7700000, 0x00000000d5580000)
  object space 646144K, 99% used [0x0000000080000000,0x00000000a73cfae8,0x00000000a7700000)
 Metaspace       used 81678K, committed 83264K, reserved 1179648K
  class space    used 8361K, committed 9088K, reserved 1048576K
}
Event: 330.144 GC heap after
{Heap after GC invocations=720 (full 4):
 PSYoungGen      total 8192K, used 2656K [0x00000000d5580000, 0x00000000d6580000, 0x0000000100000000)
  eden space 5120K, 0% used [0x00000000d5580000,0x00000000d5580000,0x00000000d5a80000)
  from space 3072K, 86% used [0x00000000d6280000,0x00000000d6518020,0x00000000d6580000)
  to   space 4608K, 0% used [0x00000000d5c80000,0x00000000d5c80000,0x00000000d6100000)
 ParOldGen       total 648192K, used 646970K [0x0000000080000000, 0x00000000a7900000, 0x00000000d5580000)
  object space 648192K, 99% used [0x0000000080000000,0x00000000a77ce930,0x00000000a7900000)
 Metaspace       used 81678K, committed 83264K, reserved 1179648K
  class space    used 8361K, committed 9088K, reserved 1048576K
}
Event: 330.501 GC heap before
{Heap before GC invocations=721 (full 4):
 PSYoungGen      total 8192K, used 7776K [0x00000000d5580000, 0x00000000d6580000, 0x0000000100000000)
  eden space 5120K, 100% used [0x00000000d5580000,0x00000000d5a80000,0x00000000d5a80000)
  from space 3072K, 86% used [0x00000000d6280000,0x00000000d6518020,0x00000000d6580000)
  to   space 4608K, 0% used [0x00000000d5c80000,0x00000000d5c80000,0x00000000d6100000)
 ParOldGen       total 648192K, used 646970K [0x0000000080000000, 0x00000000a7900000, 0x00000000d5580000)
  object space 648192K, 99% used [0x0000000080000000,0x00000000a77ce930,0x00000000a7900000)
 Metaspace       used 81679K, committed 83264K, reserved 1179648K
  class space    used 8361K, committed 9088K, reserved 1048576K
}
Event: 330.630 GC heap after
{Heap after GC invocations=721 (full 4):
 PSYoungGen      total 7680K, used 2464K [0x00000000d5580000, 0x00000000d6300000, 0x0000000100000000)
  eden space 5120K, 0% used [0x00000000d5580000,0x00000000d5580000,0x00000000d5a80000)
  from space 2560K, 96% used [0x00000000d5c80000,0x00000000d5ee8000,0x00000000d5f00000)
  to   space 3072K, 0% used [0x00000000d6000000,0x00000000d6000000,0x00000000d6300000)
 ParOldGen       total 649728K, used 649458K [0x0000000080000000, 0x00000000a7a80000, 0x00000000d5580000)
  object space 649728K, 99% used [0x0000000080000000,0x00000000a7a3c930,0x00000000a7a80000)
 Metaspace       used 81679K, committed 83264K, reserved 1179648K
  class space    used 8361K, committed 9088K, reserved 1048576K
}
Event: 330.831 GC heap before
{Heap before GC invocations=722 (full 4):
 PSYoungGen      total 7680K, used 7584K [0x00000000d5580000, 0x00000000d6300000, 0x0000000100000000)
  eden space 5120K, 100% used [0x00000000d5580000,0x00000000d5a80000,0x00000000d5a80000)
  from space 2560K, 96% used [0x00000000d5c80000,0x00000000d5ee8000,0x00000000d5f00000)
  to   space 3072K, 0% used [0x00000000d6000000,0x00000000d6000000,0x00000000d6300000)
 ParOldGen       total 649728K, used 649458K [0x0000000080000000, 0x00000000a7a80000, 0x00000000d5580000)
  object space 649728K, 99% used [0x0000000080000000,0x00000000a7a3c930,0x00000000a7a80000)
 Metaspace       used 81679K, committed 83264K, reserved 1179648K
  class space    used 8361K, committed 9088K, reserved 1048576K
}
Event: 330.964 GC heap after
{Heap after GC invocations=722 (full 4):
 PSYoungGen      total 8192K, used 2016K [0x00000000d5580000, 0x00000000d6200000, 0x0000000100000000)
  eden space 6144K, 0% used [0x00000000d5580000,0x00000000d5580000,0x00000000d5b80000)
  from space 2048K, 98% used [0x00000000d6000000,0x00000000d61f8000,0x00000000d6200000)
  to   space 2560K, 0% used [0x00000000d5d00000,0x00000000d5d00000,0x00000000d5f80000)
 ParOldGen       total 652288K, used 651810K [0x0000000080000000, 0x00000000a7d00000, 0x00000000d5580000)
  object space 652288K, 99% used [0x0000000080000000,0x00000000a7c88930,0x00000000a7d00000)
 Metaspace       used 81679K, committed 83264K, reserved 1179648K
  class space    used 8361K, committed 9088K, reserved 1048576K
}
Event: 331.158 GC heap before
{Heap before GC invocations=723 (full 4):
 PSYoungGen      total 8192K, used 8160K [0x00000000d5580000, 0x00000000d6200000, 0x0000000100000000)
  eden space 6144K, 100% used [0x00000000d5580000,0x00000000d5b80000,0x00000000d5b80000)
  from space 2048K, 98% used [0x00000000d6000000,0x00000000d61f8000,0x00000000d6200000)
  to   space 2560K, 0% used [0x00000000d5d00000,0x00000000d5d00000,0x00000000d5f80000)
 ParOldGen       total 652288K, used 651810K [0x0000000080000000, 0x00000000a7d00000, 0x00000000d5580000)
  object space 652288K, 99% used [0x0000000080000000,0x00000000a7c88930,0x00000000a7d00000)
 Metaspace       used 81682K, committed 83264K, reserved 1179648K
  class space    used 8361K, committed 9088K, reserved 1048576K
}
Event: 331.197 GC heap after
{Heap after GC invocations=723 (full 4):
 PSYoungGen      total 10240K, used 2560K [0x00000000d5580000, 0x00000000d6c00000, 0x0000000100000000)
  eden space 7680K, 0% used [0x00000000d5580000,0x00000000d5580000,0x00000000d5d00000)
  from space 2560K, 100% used [0x00000000d5d00000,0x00000000d5f80000,0x00000000d5f80000)
  to   space 7680K, 0% used [0x00000000d6480000,0x00000000d6480000,0x00000000d6c00000)
 ParOldGen       total 656384K, used 656050K [0x0000000080000000, 0x00000000a8100000, 0x00000000d5580000)
  object space 656384K, 99% used [0x0000000080000000,0x00000000a80ac930,0x00000000a8100000)
 Metaspace       used 81682K, committed 83264K, reserved 1179648K
  class space    used 8361K, committed 9088K, reserved 1048576K
}
Event: 337.645 GC heap before
{Heap before GC invocations=724 (full 4):
 PSYoungGen      total 10240K, used 10239K [0x00000000d5580000, 0x00000000d6c00000, 0x0000000100000000)
  eden space 7680K, 99% used [0x00000000d5580000,0x00000000d5cffff8,0x00000000d5d00000)
  from space 2560K, 100% used [0x00000000d5d00000,0x00000000d5f80000,0x00000000d5f80000)
  to   space 7680K, 0% used [0x00000000d6480000,0x00000000d6480000,0x00000000d6c00000)
 ParOldGen       total 656384K, used 656050K [0x0000000080000000, 0x00000000a8100000, 0x00000000d5580000)
  object space 656384K, 99% used [0x0000000080000000,0x00000000a80ac930,0x00000000a8100000)
 Metaspace       used 81682K, committed 83264K, reserved 1179648K
  class space    used 8361K, committed 9088K, reserved 1048576K
}
Event: 337.654 GC heap after
{Heap after GC invocations=724 (full 4):
 PSYoungGen      total 11264K, used 3401K [0x00000000d5580000, 0x00000000d6800000, 0x0000000100000000)
  eden space 7680K, 0% used [0x00000000d5580000,0x00000000d5580000,0x00000000d5d00000)
  from space 3584K, 94% used [0x00000000d6480000,0x00000000d67d2400,0x00000000d6800000)
  to   space 5120K, 0% used [0x00000000d5e00000,0x00000000d5e00000,0x00000000d6300000)
 ParOldGen       total 658432K, used 658210K [0x0000000080000000, 0x00000000a8300000, 0x00000000d5580000)
  object space 658432K, 99% used [0x0000000080000000,0x00000000a82c8930,0x00000000a8300000)
 Metaspace       used 81682K, committed 83264K, reserved 1179648K
  class space    used 8361K, committed 9088K, reserved 1048576K
}
Event: 337.728 GC heap before
{Heap before GC invocations=725 (full 4):
 PSYoungGen      total 11264K, used 11081K [0x00000000d5580000, 0x00000000d6800000, 0x0000000100000000)
  eden space 7680K, 100% used [0x00000000d5580000,0x00000000d5d00000,0x00000000d5d00000)
  from space 3584K, 94% used [0x00000000d6480000,0x00000000d67d2400,0x00000000d6800000)
  to   space 5120K, 0% used [0x00000000d5e00000,0x00000000d5e00000,0x00000000d6300000)
 ParOldGen       total 658432K, used 658210K [0x0000000080000000, 0x00000000a8300000, 0x00000000d5580000)
  object space 658432K, 99% used [0x0000000080000000,0x00000000a82c8930,0x00000000a8300000)
 Metaspace       used 81683K, committed 83264K, reserved 1179648K
  class space    used 8361K, committed 9088K, reserved 1048576K
}
Event: 337.739 GC heap after
{Heap after GC invocations=725 (full 4):
 PSYoungGen      total 12800K, used 608K [0x00000000d5580000, 0x00000000d6500000, 0x0000000100000000)
  eden space 7680K, 0% used [0x00000000d5580000,0x00000000d5580000,0x00000000d5d00000)
  from space 5120K, 11% used [0x00000000d5e00000,0x00000000d5e98000,0x00000000d6300000)
  to   space 2048K, 0% used [0x00000000d6300000,0x00000000d6300000,0x00000000d6500000)
 ParOldGen       total 662016K, used 661521K [0x0000000080000000, 0x00000000a8680000, 0x00000000d5580000)
  object space 662016K, 99% used [0x0000000080000000,0x00000000a8604740,0x00000000a8680000)
 Metaspace       used 81683K, committed 83264K, reserved 1179648K
  class space    used 8361K, committed 9088K, reserved 1048576K
}
Event: 338.568 GC heap before
{Heap before GC invocations=726 (full 4):
 PSYoungGen      total 12800K, used 8288K [0x00000000d5580000, 0x00000000d6500000, 0x0000000100000000)
  eden space 7680K, 100% used [0x00000000d5580000,0x00000000d5d00000,0x00000000d5d00000)
  from space 5120K, 11% used [0x00000000d5e00000,0x00000000d5e98000,0x00000000d6300000)
  to   space 2048K, 0% used [0x00000000d6300000,0x00000000d6300000,0x00000000d6500000)
 ParOldGen       total 662016K, used 661521K [0x0000000080000000, 0x00000000a8680000, 0x00000000d5580000)
  object space 662016K, 99% used [0x0000000080000000,0x00000000a8604740,0x00000000a8680000)
 Metaspace       used 81705K, committed 83328K, reserved 1179648K
  class space    used 8363K, committed 9088K, reserved 1048576K
}
Event: 338.574 GC heap after
{Heap after GC invocations=726 (full 4):
 PSYoungGen      total 8704K, used 905K [0x00000000d5580000, 0x00000000d6400000, 0x0000000100000000)
  eden space 7680K, 0% used [0x00000000d5580000,0x00000000d5580000,0x00000000d5d00000)
  from space 1024K, 88% used [0x00000000d6300000,0x00000000d63e2420,0x00000000d6400000)
  to   space 1024K, 0% used [0x00000000d6200000,0x00000000d6200000,0x00000000d6300000)
 ParOldGen       total 662528K, used 662033K [0x0000000080000000, 0x00000000a8700000, 0x00000000d5580000)
  object space 662528K, 99% used [0x0000000080000000,0x00000000a8684750,0x00000000a8700000)
 Metaspace       used 81705K, committed 83328K, reserved 1179648K
  class space    used 8363K, committed 9088K, reserved 1048576K
}
Event: 338.608 GC heap before
{Heap before GC invocations=727 (full 4):
 PSYoungGen      total 8704K, used 8585K [0x00000000d5580000, 0x00000000d6400000, 0x0000000100000000)
  eden space 7680K, 100% used [0x00000000d5580000,0x00000000d5d00000,0x00000000d5d00000)
  from space 1024K, 88% used [0x00000000d6300000,0x00000000d63e2420,0x00000000d6400000)
  to   space 1024K, 0% used [0x00000000d6200000,0x00000000d6200000,0x00000000d6300000)
 ParOldGen       total 662528K, used 662033K [0x0000000080000000, 0x00000000a8700000, 0x00000000d5580000)
  object space 662528K, 99% used [0x0000000080000000,0x00000000a8684750,0x00000000a8700000)
 Metaspace       used 81706K, committed 83328K, reserved 1179648K
  class space    used 8363K, committed 9088K, reserved 1048576K
}
Event: 338.611 GC heap after
{Heap after GC invocations=727 (full 4):
 PSYoungGen      total 8192K, used 448K [0x00000000d5580000, 0x00000000d6380000, 0x0000000100000000)
  eden space 7680K, 0% used [0x00000000d5580000,0x00000000d5580000,0x00000000d5d00000)
  from space 512K, 87% used [0x00000000d6200000,0x00000000d6270000,0x00000000d6280000)
  to   space 1024K, 0% used [0x00000000d6280000,0x00000000d6280000,0x00000000d6380000)
 ParOldGen       total 663040K, used 662810K [0x0000000080000000, 0x00000000a8780000, 0x00000000d5580000)
  object space 663040K, 99% used [0x0000000080000000,0x00000000a8746b80,0x00000000a8780000)
 Metaspace       used 81706K, committed 83328K, reserved 1179648K
  class space    used 8363K, committed 9088K, reserved 1048576K
}
Event: 351.394 GC heap before
{Heap before GC invocations=728 (full 4):
 PSYoungGen      total 8192K, used 8128K [0x00000000d5580000, 0x00000000d6380000, 0x0000000100000000)
  eden space 7680K, 100% used [0x00000000d5580000,0x00000000d5d00000,0x00000000d5d00000)
  from space 512K, 87% used [0x00000000d6200000,0x00000000d6270000,0x00000000d6280000)
  to   space 1024K, 0% used [0x00000000d6280000,0x00000000d6280000,0x00000000d6380000)
 ParOldGen       total 663040K, used 662810K [0x0000000080000000, 0x00000000a8780000, 0x00000000d5580000)
  object space 663040K, 99% used [0x0000000080000000,0x00000000a8746b80,0x00000000a8780000)
 Metaspace       used 82010K, committed 83584K, reserved 1179648K
  class space    used 8393K, committed 9088K, reserved 1048576K
}
Event: 351.407 GC heap after
{Heap after GC invocations=728 (full 4):
 PSYoungGen      total 8704K, used 576K [0x00000000d5580000, 0x00000000d6380000, 0x0000000100000000)
  eden space 7680K, 0% used [0x00000000d5580000,0x00000000d5580000,0x00000000d5d00000)
  from space 1024K, 56% used [0x00000000d6280000,0x00000000d6310000,0x00000000d6380000)
  to   space 1024K, 0% used [0x00000000d6180000,0x00000000d6180000,0x00000000d6280000)
 ParOldGen       total 663552K, used 663130K [0x0000000080000000, 0x00000000a8800000, 0x00000000d5580000)
  object space 663552K, 99% used [0x0000000080000000,0x00000000a8796b80,0x00000000a8800000)
 Metaspace       used 82010K, committed 83584K, reserved 1179648K
  class space    used 8393K, committed 9088K, reserved 1048576K
}
Event: 351.459 GC heap before
{Heap before GC invocations=729 (full 4):
 PSYoungGen      total 8704K, used 8256K [0x00000000d5580000, 0x00000000d6380000, 0x0000000100000000)
  eden space 7680K, 100% used [0x00000000d5580000,0x00000000d5d00000,0x00000000d5d00000)
  from space 1024K, 56% used [0x00000000d6280000,0x00000000d6310000,0x00000000d6380000)
  to   space 1024K, 0% used [0x00000000d6180000,0x00000000d6180000,0x00000000d6280000)
 ParOldGen       total 663552K, used 663130K [0x0000000080000000, 0x00000000a8800000, 0x00000000d5580000)
  object space 663552K, 99% used [0x0000000080000000,0x00000000a8796b80,0x00000000a8800000)
 Metaspace       used 82012K, committed 83584K, reserved 1179648K
  class space    used 8393K, committed 9088K, reserved 1048576K
}
Event: 351.465 GC heap after
{Heap after GC invocations=729 (full 4):
 PSYoungGen      total 8704K, used 681K [0x00000000d5580000, 0x00000000d6300000, 0x0000000100000000)
  eden space 7680K, 0% used [0x00000000d5580000,0x00000000d5580000,0x00000000d5d00000)
  from space 1024K, 66% used [0x00000000d6180000,0x00000000d622a400,0x00000000d6280000)
  to   space 512K, 0% used [0x00000000d6280000,0x00000000d6280000,0x00000000d6300000)
 ParOldGen       total 663552K, used 663514K [0x0000000080000000, 0x00000000a8800000, 0x00000000d5580000)
  object space 663552K, 99% used [0x0000000080000000,0x00000000a87f6b80,0x00000000a8800000)
 Metaspace       used 82012K, committed 83584K, reserved 1179648K
  class space    used 8393K, committed 9088K, reserved 1048576K
}

Dll operation events (10 events):
Event: 0.026 Loaded shared library c:\Users\Evans Kojo Aidoo\.cursor\extensions\redhat.java-1.45.0-win32-x64\jre\21.0.8-win32-x86_64\bin\java.dll
Event: 0.257 Loaded shared library c:\Users\Evans Kojo Aidoo\.cursor\extensions\redhat.java-1.45.0-win32-x64\jre\21.0.8-win32-x86_64\bin\zip.dll
Event: 0.323 Loaded shared library C:\Users\Evans Kojo Aidoo\.cursor\extensions\redhat.java-1.45.0-win32-x64\jre\21.0.8-win32-x86_64\bin\instrument.dll
Event: 0.337 Loaded shared library C:\Users\Evans Kojo Aidoo\.cursor\extensions\redhat.java-1.45.0-win32-x64\jre\21.0.8-win32-x86_64\bin\net.dll
Event: 0.342 Loaded shared library C:\Users\Evans Kojo Aidoo\.cursor\extensions\redhat.java-1.45.0-win32-x64\jre\21.0.8-win32-x86_64\bin\nio.dll
Event: 0.354 Loaded shared library C:\Users\Evans Kojo Aidoo\.cursor\extensions\redhat.java-1.45.0-win32-x64\jre\21.0.8-win32-x86_64\bin\zip.dll
Event: 0.408 Loaded shared library C:\Users\Evans Kojo Aidoo\.cursor\extensions\redhat.java-1.45.0-win32-x64\jre\21.0.8-win32-x86_64\bin\jimage.dll
Event: 0.718 Loaded shared library c:\Users\Evans Kojo Aidoo\.cursor\extensions\redhat.java-1.45.0-win32-x64\jre\21.0.8-win32-x86_64\bin\verify.dll
Event: 24.972 Loaded shared library C:\Users\Evans Kojo Aidoo\AppData\Roaming\Cursor\User\globalStorage\redhat.java\1.45.0\config_win\org.eclipse.equinox.launcher\org.eclipse.equinox.launcher.win32.win32.x86_64_1.2.1400.v20250801-0854\eclipse_11916.dll
Event: 37.610 Loaded shared library C:\Users\Evans Kojo Aidoo\AppData\Local\Temp\jna-1657696368\jna4773648707454647619.dll

Deoptimization events (20 events):
Event: 342.758 Thread 0x0000025000a49670 Uncommon trap: trap_request=0xffffff45 fr.pc=0x000002501fc218dc relative=0x000000000000027c
Event: 342.758 Thread 0x0000025000a49670 Uncommon trap: reason=unstable_if action=reinterpret pc=0x000002501fc218dc method=org.eclipse.core.internal.dtree.DeltaDataTree.getData(Lorg/eclipse/core/runtime/IPath;)Ljava/lang/Object; @ 56 c2
Event: 342.758 Thread 0x0000025000a49670 DEOPT PACKING pc=0x000002501fc218dc sp=0x000000c0584fed50
Event: 342.758 Thread 0x0000025000a49670 DEOPT UNPACKING pc=0x000002501ecc6da2 sp=0x000000c0584fece8 mode 2
Event: 342.773 Thread 0x0000025000a49670 Uncommon trap: trap_request=0xffffff45 fr.pc=0x000002501f557e14 relative=0x0000000000000374
Event: 342.774 Thread 0x0000025000a49670 Uncommon trap: reason=unstable_if action=reinterpret pc=0x000002501f557e14 method=org.eclipse.core.internal.localstore.FileSystemResourceManager.getStoreRoot(Lorg/eclipse/core/resources/IResource;)Lorg/eclipse/core/internal/localstore/FileStoreRoot; @ 33 
Event: 342.774 Thread 0x0000025000a49670 DEOPT PACKING pc=0x000002501f557e14 sp=0x000000c0584ff310
Event: 342.774 Thread 0x0000025000a49670 DEOPT UNPACKING pc=0x000002501ecc6da2 sp=0x000000c0584ff290 mode 2
Event: 342.779 Thread 0x0000025000a49670 Uncommon trap: trap_request=0xffffffbe fr.pc=0x000002502002f200 relative=0x0000000000000800
Event: 342.779 Thread 0x0000025000a49670 Uncommon trap: reason=profile_predicate action=maybe_recompile pc=0x000002502002f200 method=java.io.InputStream.read([BII)I @ 40 c2
Event: 342.779 Thread 0x0000025000a49670 DEOPT PACKING pc=0x000002502002f200 sp=0x000000c0584ff130
Event: 342.779 Thread 0x0000025000a49670 DEOPT UNPACKING pc=0x000002501ecc6da2 sp=0x000000c0584ff0b0 mode 2
Event: 342.780 Thread 0x0000025000a49670 Uncommon trap: trap_request=0xffffffc6 fr.pc=0x000002501f4e1c30 relative=0x0000000000002bb0
Event: 342.780 Thread 0x0000025000a49670 Uncommon trap: reason=bimorphic_or_optimized_type_check action=maybe_recompile pc=0x000002501f4e1c30 method=java.util.Properties.load0(Ljava/util/Properties$LineReader;)V @ 241 c2
Event: 342.780 Thread 0x0000025000a49670 DEOPT PACKING pc=0x000002501f4e1c30 sp=0x000000c0584ff260
Event: 342.780 Thread 0x0000025000a49670 DEOPT UNPACKING pc=0x000002501ecc6da2 sp=0x000000c0584ff240 mode 2
Event: 342.781 Thread 0x0000025000a49670 Uncommon trap: trap_request=0xffffffc6 fr.pc=0x000002501ff78fe0 relative=0x0000000000002b60
Event: 342.781 Thread 0x0000025000a49670 Uncommon trap: reason=bimorphic_or_optimized_type_check action=maybe_recompile pc=0x000002501ff78fe0 method=java.util.Properties.load0(Ljava/util/Properties$LineReader;)V @ 241 c2
Event: 342.781 Thread 0x0000025000a49670 DEOPT PACKING pc=0x000002501ff78fe0 sp=0x000000c0584ff260
Event: 342.781 Thread 0x0000025000a49670 DEOPT UNPACKING pc=0x000002501ecc6da2 sp=0x000000c0584ff240 mode 2

Classes loaded (20 events):
Event: 342.500 Loading class java/util/stream/Nodes$CollectorTask$OfRef
Event: 342.501 Loading class java/util/stream/Nodes$CollectorTask
Event: 342.515 Loading class java/util/stream/Nodes$CollectorTask done
Event: 342.515 Loading class java/util/stream/Nodes$CollectorTask$OfRef done
Event: 342.526 Loading class java/util/function/LongFunction
Event: 342.530 Loading class java/util/function/LongFunction done
Event: 342.530 Loading class java/util/stream/Nodes$ConcNode
Event: 342.540 Loading class java/util/stream/Nodes$AbstractConcNode
Event: 342.541 Loading class java/util/stream/Nodes$AbstractConcNode done
Event: 342.541 Loading class java/util/stream/Nodes$ConcNode done
Event: 342.587 Loading class java/util/stream/Nodes$ToArrayTask$OfRef
Event: 342.587 Loading class java/util/stream/Nodes$ToArrayTask
Event: 342.587 Loading class java/util/stream/Nodes$ToArrayTask done
Event: 342.587 Loading class java/util/stream/Nodes$ToArrayTask$OfRef done
Event: 342.598 Loading class java/io/ObjectOutputStream$BlockDataOutputStream
Event: 342.599 Loading class java/io/ObjectOutputStream$BlockDataOutputStream done
Event: 342.599 Loading class java/io/ObjectOutputStream$HandleTable
Event: 342.601 Loading class java/io/ObjectOutputStream$HandleTable done
Event: 342.601 Loading class java/io/ObjectOutputStream$ReplaceTable
Event: 342.601 Loading class java/io/ObjectOutputStream$ReplaceTable done

Classes unloaded (10 events):
Event: 39.280 Thread 0x00000250145f3760 Unloading class 0x000002502c1ab000 'java/lang/invoke/LambdaForm$MH+0x000002502c1ab000'
Event: 39.280 Thread 0x00000250145f3760 Unloading class 0x000002502c1aac00 'java/lang/invoke/LambdaForm$MH+0x000002502c1aac00'
Event: 39.280 Thread 0x00000250145f3760 Unloading class 0x000002502c1aa800 'java/lang/invoke/LambdaForm$MH+0x000002502c1aa800'
Event: 39.280 Thread 0x00000250145f3760 Unloading class 0x000002502c1aa400 'java/lang/invoke/LambdaForm$MH+0x000002502c1aa400'
Event: 39.280 Thread 0x00000250145f3760 Unloading class 0x000002502c1aa000 'java/lang/invoke/LambdaForm$BMH+0x000002502c1aa000'
Event: 39.280 Thread 0x00000250145f3760 Unloading class 0x000002502c1a9c00 'java/lang/invoke/LambdaForm$DMH+0x000002502c1a9c00'
Event: 39.280 Thread 0x00000250145f3760 Unloading class 0x000002502c1a8800 'java/lang/invoke/LambdaForm$DMH+0x000002502c1a8800'
Event: 59.110 Thread 0x00000250145f3760 Unloading class 0x000002502c639000 'java/lang/invoke/LambdaForm$MH+0x000002502c639000'
Event: 59.110 Thread 0x00000250145f3760 Unloading class 0x000002502c638800 'java/lang/invoke/LambdaForm$MH+0x000002502c638800'
Event: 59.110 Thread 0x00000250145f3760 Unloading class 0x000002502c638000 'java/lang/invoke/LambdaForm$MH+0x000002502c638000'

Classes redefined (0 events):
No events

Internal exceptions (20 events):
Event: 136.888 Thread 0x00000250728c24b0 Exception <a 'sun/nio/fs/WindowsException'{0x00000000d5777e68}> (0x00000000d5777e68) 
thrown [s\src\hotspot\share\prims\jni.cpp, line 520]
Event: 136.889 Thread 0x00000250728c24b0 Exception <a 'sun/nio/fs/WindowsException'{0x00000000d5779968}> (0x00000000d5779968) 
thrown [s\src\hotspot\share\prims\jni.cpp, line 520]
Event: 136.889 Thread 0x00000250728c24b0 Exception <a 'sun/nio/fs/WindowsException'{0x00000000d577a270}> (0x00000000d577a270) 
thrown [s\src\hotspot\share\prims\jni.cpp, line 520]
Event: 136.899 Thread 0x00000250728c24b0 Exception <a 'sun/nio/fs/WindowsException'{0x00000000d57c0bd8}> (0x00000000d57c0bd8) 
thrown [s\src\hotspot\share\prims\jni.cpp, line 520]
Event: 136.899 Thread 0x00000250728c24b0 Exception <a 'sun/nio/fs/WindowsException'{0x00000000d57c1790}> (0x00000000d57c1790) 
thrown [s\src\hotspot\share\prims\jni.cpp, line 520]
Event: 144.521 Thread 0x000002507478c4d0 Exception <a 'java/lang/IncompatibleClassChangeError'{0x00000000d559f350}: Found class java.lang.Object, but interface was expected> (0x00000000d559f350) 
thrown [s\src\hotspot\share\interpreter\linkResolver.cpp, line 840]
Event: 144.641 Thread 0x000002507478c4d0 Exception <a 'java/lang/IncompatibleClassChangeError'{0x00000000d568a620}: Found class java.lang.Object, but interface was expected> (0x00000000d568a620) 
thrown [s\src\hotspot\share\interpreter\linkResolver.cpp, line 840]
Event: 170.653 Thread 0x000002507478c4d0 Exception <a 'java/lang/IncompatibleClassChangeError'{0x00000000d58125e0}: Found class java.lang.Object, but interface was expected> (0x00000000d58125e0) 
thrown [s\src\hotspot\share\interpreter\linkResolver.cpp, line 840]
Event: 170.848 Thread 0x000002507478c4d0 Exception <a 'java/lang/IncompatibleClassChangeError'{0x00000000d56c5c20}: Found class java.lang.Object, but interface was expected> (0x00000000d56c5c20) 
thrown [s\src\hotspot\share\interpreter\linkResolver.cpp, line 840]
Event: 321.845 Thread 0x000002507478c4d0 Exception <a 'java/lang/IncompatibleClassChangeError'{0x00000000d559e460}: Found class java.lang.Object, but interface was expected> (0x00000000d559e460) 
thrown [s\src\hotspot\share\interpreter\linkResolver.cpp, line 840]
Event: 322.352 Thread 0x00000250743bdaa0 Exception <a 'java/lang/NoSuchMethodError'{0x00000000d5616ed0}: 'void java.lang.invoke.DirectMethodHandle$Holder.invokeSpecial(java.lang.Object, java.lang.Object, int)'> (0x00000000d5616ed0) 
thrown [s\src\hotspot\share\interpreter\linkResolver.cpp, line 773]
Event: 325.753 Thread 0x0000025074787ca0 Exception <a 'sun/nio/fs/WindowsException'{0x00000000d558c528}> (0x00000000d558c528) 
thrown [s\src\hotspot\share\prims\jni.cpp, line 520]
Event: 327.427 Thread 0x0000025000a4bdd0 Exception <a 'java/io/FileNotFoundException'{0x00000000d55fce30}> (0x00000000d55fce30) 
thrown [s\src\hotspot\share\prims\jni.cpp, line 520]
Event: 331.502 Thread 0x0000025074787ca0 Exception <a 'sun/nio/fs/WindowsException'{0x00000000d594d428}> (0x00000000d594d428) 
thrown [s\src\hotspot\share\prims\jni.cpp, line 520]
Event: 331.704 Thread 0x0000025074787ca0 Implicit null exception at 0x0000025020386d79 to 0x00000250203874b0
Event: 342.579 Thread 0x0000025000a49670 Exception <a 'sun/nio/fs/WindowsException'{0x00000000d574e190}> (0x00000000d574e190) 
thrown [s\src\hotspot\share\prims\jni.cpp, line 520]
Event: 342.580 Thread 0x0000025000a49670 Exception <a 'sun/nio/fs/WindowsException'{0x00000000d574efb8}> (0x00000000d574efb8) 
thrown [s\src\hotspot\share\prims\jni.cpp, line 520]
Event: 342.582 Thread 0x0000025000a49670 Implicit null exception at 0x000002501f30f586 to 0x000002501f30f8fc
Event: 342.673 Thread 0x0000025000a49670 Exception <a 'java/lang/NoSuchMethodError'{0x00000000d5837cd8}: static [J.<clinit>()V> (0x00000000d5837cd8) 
thrown [s\src\hotspot\share\prims\jni.cpp, line 1111]
Event: 342.730 Thread 0x0000025000a49670 Exception <a 'java/lang/NoSuchMethodError'{0x00000000d5897828}: 'java.lang.Object java.lang.invoke.DirectMethodHandle$Holder.newInvokeSpecial(java.lang.Object, java.lang.Object, java.lang.Object, java.lang.Object, java.lang.Object, java.lang.Object, java.lang.Object, java.lang.Object)'> (0x00000000d5897828) 
thrown [s\src\hotspot\share\interpreter\linkResolver.cpp, line 773]

ZGC Phase Switch (0 events):
No events

VM Operations (20 events):
Event: 340.612 Executing VM operation: Cleanup
Event: 340.613 Executing VM operation: Cleanup done
Event: 342.513 Executing VM operation: HandshakeAllThreads (Deoptimize)
Event: 342.513 Executing VM operation: HandshakeAllThreads (Deoptimize) done
Event: 342.514 Executing VM operation: Cleanup
Event: 342.514 Executing VM operation: Cleanup done
Event: 342.525 Executing VM operation: HandshakeAllThreads (Deoptimize)
Event: 342.525 Executing VM operation: HandshakeAllThreads (Deoptimize) done
Event: 342.687 Executing VM operation: HandshakeAllThreads (Deoptimize)
Event: 342.688 Executing VM operation: HandshakeAllThreads (Deoptimize) done
Event: 342.758 Executing VM operation: HandshakeAllThreads (Deoptimize)
Event: 342.758 Executing VM operation: HandshakeAllThreads (Deoptimize) done
Event: 343.764 Executing VM operation: Cleanup
Event: 343.765 Executing VM operation: Cleanup done
Event: 351.394 Executing VM operation: ParallelGCFailedAllocation (Allocation Failure)
Event: 351.407 Executing VM operation: ParallelGCFailedAllocation (Allocation Failure) done
Event: 351.459 Executing VM operation: ParallelGCFailedAllocation (Allocation Failure)
Event: 351.465 Executing VM operation: ParallelGCFailedAllocation (Allocation Failure) done
Event: 352.471 Executing VM operation: Cleanup
Event: 352.472 Executing VM operation: Cleanup done

Memory protections (0 events):
No events

Nmethod flushes (20 events):
Event: 103.655 Thread 0x00000250145f3760 flushing  nmethod 0x0000025018ba3510
Event: 103.655 Thread 0x00000250145f3760 flushing  nmethod 0x0000025018ba4310
Event: 103.655 Thread 0x00000250145f3760 flushing  nmethod 0x0000025018ba4810
Event: 103.655 Thread 0x00000250145f3760 flushing  nmethod 0x0000025018ba4d90
Event: 103.655 Thread 0x00000250145f3760 flushing  nmethod 0x0000025018ba6c10
Event: 103.655 Thread 0x00000250145f3760 flushing  nmethod 0x0000025018ba9090
Event: 103.655 Thread 0x00000250145f3760 flushing  nmethod 0x0000025018babd90
Event: 103.655 Thread 0x00000250145f3760 flushing  nmethod 0x0000025018bac510
Event: 103.655 Thread 0x00000250145f3760 flushing  nmethod 0x0000025018baca10
Event: 103.655 Thread 0x00000250145f3760 flushing  nmethod 0x0000025018bad110
Event: 103.655 Thread 0x00000250145f3760 flushing  nmethod 0x0000025018bad790
Event: 103.655 Thread 0x00000250145f3760 flushing  nmethod 0x0000025018badf90
Event: 103.655 Thread 0x00000250145f3760 flushing  nmethod 0x0000025018bbbb90
Event: 103.655 Thread 0x00000250145f3760 flushing  nmethod 0x0000025018bc3610
Event: 103.655 Thread 0x00000250145f3760 flushing  nmethod 0x0000025018bdac10
Event: 103.655 Thread 0x00000250145f3760 flushing osr nmethod 0x0000025018bdd590
Event: 103.655 Thread 0x00000250145f3760 flushing  nmethod 0x0000025018beac10
Event: 103.655 Thread 0x00000250145f3760 flushing  nmethod 0x0000025018c08110
Event: 103.655 Thread 0x00000250145f3760 flushing osr nmethod 0x0000025018c09590
Event: 103.655 Thread 0x00000250145f3760 flushing  nmethod 0x0000025018c18190

Events (20 events):
Event: 310.777 Thread 0x00000250728c4580 Thread added: 0x0000025000a4bdd0
Event: 323.221 Thread 0x000002506d893560 Thread added: 0x0000025076a1aad0
Event: 324.193 Thread 0x0000025076a1aad0 Thread exited: 0x0000025076a1aad0
Event: 324.458 Thread 0x0000025000a482c0 Thread added: 0x0000025000a49670
Event: 324.668 Thread 0x000002506d893560 Thread added: 0x00000250751dae00
Event: 326.949 Thread 0x00000250751dae00 Thread added: 0x00000250751db4d0
Event: 327.508 Thread 0x0000025000a4bdd0 Thread added: 0x0000025000a4f250
Event: 329.808 Thread 0x00000250751db4d0 Thread exited: 0x00000250751db4d0
Event: 329.808 Thread 0x00000250751dae00 Thread exited: 0x00000250751dae00
Event: 337.696 Thread 0x00000250144d0b70 Thread added: 0x00000250751dc940
Event: 342.059 Thread 0x00000250751dc940 Thread exited: 0x00000250751dc940
Event: 342.488 Thread 0x0000025000a49670 Thread added: 0x0000025000a4ebc0
Event: 342.543 Thread 0x0000025000a4ebc0 Thread exited: 0x0000025000a4ebc0
Event: 342.585 Thread 0x0000025000a49670 Thread added: 0x0000025000a4d180
Event: 342.587 Thread 0x0000025000a4d180 Thread added: 0x0000025000a4ebc0
Event: 342.588 Thread 0x0000025000a4d180 Thread exited: 0x0000025000a4d180
Event: 342.588 Thread 0x0000025000a4ebc0 Thread exited: 0x0000025000a4ebc0
Event: 342.704 Thread 0x000002506d893560 Thread added: 0x00000250751dc270
Event: 342.909 Thread 0x00000250751dc270 Thread exited: 0x00000250751dc270
Event: 348.730 Thread 0x0000025074c794e0 Thread exited: 0x0000025074c794e0


Dynamic libraries:
0x00007ff7612e0000 - 0x00007ff7612ee000 	c:\Users\Evans Kojo Aidoo\.cursor\extensions\redhat.java-1.45.0-win32-x64\jre\21.0.8-win32-x86_64\bin\java.exe
0x00007ffc81520000 - 0x00007ffc81789000 	C:\WINDOWS\SYSTEM32\ntdll.dll
0x00007ffc80710000 - 0x00007ffc807d9000 	C:\WINDOWS\System32\KERNEL32.DLL
0x00007ffc7eef0000 - 0x00007ffc7f2e3000 	C:\WINDOWS\System32\KERNELBASE.dll
0x00007ffc7eda0000 - 0x00007ffc7eeeb000 	C:\WINDOWS\System32\ucrtbase.dll
0x00007ffc44af0000 - 0x00007ffc44b08000 	c:\Users\Evans Kojo Aidoo\.cursor\extensions\redhat.java-1.45.0-win32-x64\jre\21.0.8-win32-x86_64\bin\jli.dll
0x00007ffc7f3d0000 - 0x00007ffc7f594000 	C:\WINDOWS\System32\USER32.dll
0x00007ffc7ead0000 - 0x00007ffc7eaf7000 	C:\WINDOWS\System32\win32u.dll
0x00007ffc80ab0000 - 0x00007ffc80adb000 	C:\WINDOWS\System32\GDI32.dll
0x00007ffc7e6b0000 - 0x00007ffc7e7dd000 	C:\WINDOWS\System32\gdi32full.dll
0x00007ffc7e7e0000 - 0x00007ffc7e883000 	C:\WINDOWS\System32\msvcp_win.dll
0x00007ffc1b2c0000 - 0x00007ffc1b2de000 	c:\Users\Evans Kojo Aidoo\.cursor\extensions\redhat.java-1.45.0-win32-x64\jre\21.0.8-win32-x86_64\bin\VCRUNTIME140.dll
0x00007ffc63b70000 - 0x00007ffc63e03000 	C:\WINDOWS\WinSxS\amd64_microsoft.windows.common-controls_6595b64144ccf1df_6.0.26100.5074_none_3e0d6f78e32fd63f\COMCTL32.dll
0x00007ffc7fe40000 - 0x00007ffc7fee9000 	C:\WINDOWS\System32\msvcrt.dll
0x00007ffc80d60000 - 0x00007ffc80d8f000 	C:\WINDOWS\System32\IMM32.DLL
0x00007ffc5c2e0000 - 0x00007ffc5c2ec000 	c:\Users\Evans Kojo Aidoo\.cursor\extensions\redhat.java-1.45.0-win32-x64\jre\21.0.8-win32-x86_64\bin\vcruntime140_1.dll
0x00007ffbe1390000 - 0x00007ffbe141d000 	c:\Users\Evans Kojo Aidoo\.cursor\extensions\redhat.java-1.45.0-win32-x64\jre\21.0.8-win32-x86_64\bin\msvcp140.dll
0x00007ffbd78a0000 - 0x00007ffbd8637000 	c:\Users\Evans Kojo Aidoo\.cursor\extensions\redhat.java-1.45.0-win32-x64\jre\21.0.8-win32-x86_64\bin\server\jvm.dll
0x00007ffc809f0000 - 0x00007ffc80aa4000 	C:\WINDOWS\System32\ADVAPI32.dll
0x00007ffc813b0000 - 0x00007ffc81456000 	C:\WINDOWS\System32\sechost.dll
0x00007ffc80c40000 - 0x00007ffc80d58000 	C:\WINDOWS\System32\RPCRT4.dll
0x00007ffc81460000 - 0x00007ffc814d4000 	C:\WINDOWS\System32\WS2_32.dll
0x00007ffc7e510000 - 0x00007ffc7e56e000 	C:\WINDOWS\SYSTEM32\POWRPROF.dll
0x00007ffc660a0000 - 0x00007ffc660d5000 	C:\WINDOWS\SYSTEM32\WINMM.dll
0x00007ffc6d660000 - 0x00007ffc6d66b000 	C:\WINDOWS\SYSTEM32\VERSION.dll
0x00007ffc7e4f0000 - 0x00007ffc7e504000 	C:\WINDOWS\SYSTEM32\UMPDC.dll
0x00007ffc7d450000 - 0x00007ffc7d46b000 	C:\WINDOWS\SYSTEM32\kernel.appcore.dll
0x00007ffc5bd00000 - 0x00007ffc5bd0a000 	c:\Users\Evans Kojo Aidoo\.cursor\extensions\redhat.java-1.45.0-win32-x64\jre\21.0.8-win32-x86_64\bin\jimage.dll
0x00007ffc7b470000 - 0x00007ffc7b6b2000 	C:\WINDOWS\SYSTEM32\DBGHELP.DLL
0x00007ffc80da0000 - 0x00007ffc8111b000 	C:\WINDOWS\System32\combase.dll
0x00007ffc7f2f0000 - 0x00007ffc7f3c7000 	C:\WINDOWS\System32\OLEAUT32.dll
0x00007ffc666f0000 - 0x00007ffc6672d000 	C:\WINDOWS\SYSTEM32\dbgcore.DLL
0x00007ffc7ed00000 - 0x00007ffc7ed99000 	C:\WINDOWS\System32\bcryptPrimitives.dll
0x00007ffc5b7c0000 - 0x00007ffc5b7cf000 	c:\Users\Evans Kojo Aidoo\.cursor\extensions\redhat.java-1.45.0-win32-x64\jre\21.0.8-win32-x86_64\bin\instrument.dll
0x00007ffc1b040000 - 0x00007ffc1b05f000 	c:\Users\Evans Kojo Aidoo\.cursor\extensions\redhat.java-1.45.0-win32-x64\jre\21.0.8-win32-x86_64\bin\java.dll
0x00007ffc7ffc0000 - 0x00007ffc8070d000 	C:\WINDOWS\System32\SHELL32.dll
0x00007ffc7eb90000 - 0x00007ffc7ecfc000 	C:\WINDOWS\System32\wintypes.dll
0x00007ffc7c2d0000 - 0x00007ffc7cb29000 	C:\WINDOWS\SYSTEM32\windows.storage.dll
0x00007ffc80870000 - 0x00007ffc80960000 	C:\WINDOWS\System32\SHCORE.dll
0x00007ffc7fc20000 - 0x00007ffc7fc82000 	C:\WINDOWS\System32\shlwapi.dll
0x00007ffc7e5d0000 - 0x00007ffc7e5f9000 	C:\WINDOWS\SYSTEM32\profapi.dll
0x00007ffc1b020000 - 0x00007ffc1b038000 	c:\Users\Evans Kojo Aidoo\.cursor\extensions\redhat.java-1.45.0-win32-x64\jre\21.0.8-win32-x86_64\bin\zip.dll
0x00007ffc54350000 - 0x00007ffc54360000 	C:\Users\Evans Kojo Aidoo\.cursor\extensions\redhat.java-1.45.0-win32-x64\jre\21.0.8-win32-x86_64\bin\net.dll
0x00007ffc776b0000 - 0x00007ffc777cf000 	C:\WINDOWS\SYSTEM32\WINHTTP.dll
0x00007ffc7d9b0000 - 0x00007ffc7da1b000 	C:\WINDOWS\system32\mswsock.dll
0x00007ffc19490000 - 0x00007ffc194a6000 	C:\Users\Evans Kojo Aidoo\.cursor\extensions\redhat.java-1.45.0-win32-x64\jre\21.0.8-win32-x86_64\bin\nio.dll
0x00007ffc54070000 - 0x00007ffc54080000 	c:\Users\Evans Kojo Aidoo\.cursor\extensions\redhat.java-1.45.0-win32-x64\jre\21.0.8-win32-x86_64\bin\verify.dll
0x00007ffbf4a10000 - 0x00007ffbf4a54000 	C:\Users\Evans Kojo Aidoo\AppData\Roaming\Cursor\User\globalStorage\redhat.java\1.45.0\config_win\org.eclipse.equinox.launcher\org.eclipse.equinox.launcher.win32.win32.x86_64_1.2.1400.v20250801-0854\eclipse_11916.dll
0x00007ffc7fc90000 - 0x00007ffc7fe28000 	C:\WINDOWS\System32\ole32.dll
0x00007ffc7dd80000 - 0x00007ffc7dd9b000 	C:\WINDOWS\SYSTEM32\CRYPTSP.dll
0x00007ffc7d3b0000 - 0x00007ffc7d3eb000 	C:\WINDOWS\system32\rsaenh.dll
0x00007ffc7da50000 - 0x00007ffc7da7b000 	C:\WINDOWS\SYSTEM32\USERENV.dll
0x00007ffc7e5a0000 - 0x00007ffc7e5c6000 	C:\WINDOWS\SYSTEM32\bcrypt.dll
0x00007ffc7dbe0000 - 0x00007ffc7dbec000 	C:\WINDOWS\SYSTEM32\CRYPTBASE.dll
0x00007ffc7cf00000 - 0x00007ffc7cf34000 	C:\WINDOWS\SYSTEM32\IPHLPAPI.DLL
0x00007ffc7fc10000 - 0x00007ffc7fc1a000 	C:\WINDOWS\System32\NSI.dll
0x00007ffc4bcf0000 - 0x00007ffc4bd39000 	C:\Users\Evans Kojo Aidoo\AppData\Local\Temp\jna-1657696368\jna4773648707454647619.dll
0x00007ffc7fe30000 - 0x00007ffc7fe38000 	C:\WINDOWS\System32\PSAPI.DLL
0x00007ffc77830000 - 0x00007ffc7784e000 	C:\WINDOWS\SYSTEM32\dhcpcsvc6.DLL
0x00007ffc777e0000 - 0x00007ffc77803000 	C:\WINDOWS\SYSTEM32\dhcpcsvc.DLL
0x00007ffc7d570000 - 0x00007ffc7d5a6000 	C:\WINDOWS\SYSTEM32\ntmarta.dll

JVMTI agents:
c:\Users\Evans Kojo Aidoo\.cursor\extensions\redhat.java-1.45.0-win32-x64\lombok\lombok-1.18.39-4050.jar path:c:\Users\Evans Kojo Aidoo\.cursor\extensions\redhat.java-1.45.0-win32-x64\jre\21.0.8-win32-x86_64\bin\instrument.dll, loaded, initialized, instrumentlib options:none

dbghelp: loaded successfully - version: 4.0.5 - missing functions: none
symbol engine: initialized successfully - sym options: 0x614 - pdb path: .;c:\Users\Evans Kojo Aidoo\.cursor\extensions\redhat.java-1.45.0-win32-x64\jre\21.0.8-win32-x86_64\bin;C:\WINDOWS\SYSTEM32;C:\WINDOWS\WinSxS\amd64_microsoft.windows.common-controls_6595b64144ccf1df_6.0.26100.5074_none_3e0d6f78e32fd63f;c:\Users\Evans Kojo Aidoo\.cursor\extensions\redhat.java-1.45.0-win32-x64\jre\21.0.8-win32-x86_64\bin\server;C:\Users\Evans Kojo Aidoo\AppData\Roaming\Cursor\User\globalStorage\redhat.java\1.45.0\config_win\org.eclipse.equinox.launcher\org.eclipse.equinox.launcher.win32.win32.x86_64_1.2.1400.v20250801-0854;C:\Users\Evans Kojo Aidoo\AppData\Local\Temp\jna-1657696368

VM Arguments:
jvm_args: --add-modules=ALL-SYSTEM --add-opens=java.base/java.util=ALL-UNNAMED --add-opens=java.base/java.lang=ALL-UNNAMED --add-opens=java.base/sun.nio.fs=ALL-UNNAMED -Declipse.application=org.eclipse.jdt.ls.core.id1 -Dosgi.bundles.defaultStartLevel=4 -Declipse.product=org.eclipse.jdt.ls.core.product -Djava.import.generatesMetadataFilesAtProjectRoot=false -DDetectVMInstallationsJob.disabled=true -Dfile.encoding=utf8 -XX:+UseParallelGC -XX:GCTimeRatio=4 -XX:AdaptiveSizePolicyWeight=90 -Dsun.zip.disableMemoryMapping=true -Xmx2G -Xms100m -Xlog:disable -javaagent:c:\Users\Evans Kojo Aidoo\.cursor\extensions\redhat.java-1.45.0-win32-x64\lombok\lombok-1.18.39-4050.jar -XX:+HeapDumpOnOutOfMemoryError -XX:HeapDumpPath=c:\Users\Evans Kojo Aidoo\AppData\Roaming\Cursor\User\workspaceStorage\29729b227c44ccf91c9fd662e58fc224\redhat.java -Daether.dependencyCollector.impl=bf 
java_command: c:\Users\Evans Kojo Aidoo\.cursor\extensions\redhat.java-1.45.0-win32-x64\server\plugins\org.eclipse.equinox.launcher_1.7.0.v20250519-0528.jar -configuration c:\Users\Evans Kojo Aidoo\AppData\Roaming\Cursor\User\globalStorage\redhat.java\1.45.0\config_win -data c:\Users\Evans Kojo Aidoo\AppData\Roaming\Cursor\User\workspaceStorage\29729b227c44ccf91c9fd662e58fc224\redhat.java\jdt_ws --pipe=\\.\pipe\lsp-026f3aeebf88ae06d44d467e5b93242a-sock
java_class_path (initial): c:\Users\Evans Kojo Aidoo\.cursor\extensions\redhat.java-1.45.0-win32-x64\server\plugins\org.eclipse.equinox.launcher_1.7.0.v20250519-0528.jar
Launcher Type: SUN_STANDARD

[Global flags]
    uintx AdaptiveSizePolicyWeight                 = 90                                        {product} {command line}
     intx CICompilerCount                          = 4                                         {product} {ergonomic}
    uintx GCTimeRatio                              = 4                                         {product} {command line}
     bool HeapDumpOnOutOfMemoryError               = true                                   {manageable} {command line}
    ccstr HeapDumpPath                             = c:\Users\Evans Kojo Aidoo\AppData\Roaming\Cursor\User\workspaceStorage\29729b227c44ccf91c9fd662e58fc224\redhat.java         {manageable} {command line}
   size_t InitialHeapSize                          = 104857600                                 {product} {command line}
   size_t MaxHeapSize                              = 2147483648                                {product} {command line}
   size_t MaxNewSize                               = 715653120                                 {product} {ergonomic}
   size_t MinHeapDeltaBytes                        = 524288                                    {product} {ergonomic}
   size_t MinHeapSize                              = 104857600                                 {product} {command line}
   size_t NewSize                                  = 34603008                                  {product} {ergonomic}
    uintx NonNMethodCodeHeapSize                   = 5839372                                {pd product} {ergonomic}
    uintx NonProfiledCodeHeapSize                  = 122909434                              {pd product} {ergonomic}
   size_t OldSize                                  = 70254592                                  {product} {ergonomic}
    uintx ProfiledCodeHeapSize                     = 122909434                              {pd product} {ergonomic}
    uintx ReservedCodeCacheSize                    = 251658240                              {pd product} {ergonomic}
     bool SegmentedCodeCache                       = true                                      {product} {ergonomic}
   size_t SoftMaxHeapSize                          = 2147483648                             {manageable} {ergonomic}
     bool UseCompressedOops                        = true                           {product lp64_product} {ergonomic}
     bool UseLargePagesIndividualAllocation        = false                                  {pd product} {ergonomic}
     bool UseParallelGC                            = true                                      {product} {command line}

Logging:
Log output configuration:
 #0: stdout all=off uptime,level,tags foldmultilines=false
 #1: stderr all=off uptime,level,tags foldmultilines=false

Environment Variables:
JAVA_HOME=C:\Users\Evans Kojo Aidoo\Desktop\Java\zulu24.32.13-ca-jdk24.0.2-win_x64\zulu24.32.13-ca-jdk24.0.2-win_x64
PATH=C:\Users\Evans Kojo Aidoo\Desktop\Java\zulu24.32.13-ca-jdk24.0.2-win_x64\zulu24.32.13-ca-jdk24.0.2-win_x64\bin;C:\Python313\Scripts\;C:\Python313\;C:\Users\Evans Kojo Aidoo\AppData\Local\Programs\Python\Python312\Scripts\;C:\Users\Evans Kojo Aidoo\AppData\Local\Programs\Python\Python312\;C:\WINDOWS\system32;C:\WINDOWS;C:\WINDOWS\System32\Wbem;C:\WINDOWS\System32\WindowsPowerShell\v1.0\;C:\WINDOWS\System32\OpenSSH\;C:\Program Files\Microsoft SQL Server\Client SDK\ODBC\170\Tools\Binn\;C:\Users\Evans Kojo Aidoo\Desktop\C++ VIDEOS\mingw64\bin;C:\ProgramData\chocolatey\bin;%NVM_HOME%;%NVM_SYMLINK%;C:\Program Files\nvm;C:\Program Files\nodejs;C:\Program Files\Git\cmd;c:\Users\Evans Kojo Aidoo\AppData\Local\Programs\cursor\resources\app\bin;C:\Program Files\WiX Toolset v6.0\bin\;C:\Program Files\WiX Toolset v6.0\bin;;C:\WINDOWS\system32;C:\WINDOWS;C:\WINDOWS\System32\Wbem;C:\WINDOWS\System32\WindowsPowerShell\v1.0\;C:\WINDOWS\System32\OpenSSH\;C:\Program Files\nodejs\;C:\Program Files\Docker\Docker\resources\bin;C:\Program Files\Amazon\AWSCLIV2\;C:\Users\Evans Kojo Aidoo\Desktop\Java\zulu24.32.13-ca-jdk24.0.2-win_x64\zulu24.32.13-ca-jdk24.0.2-win_x64\bin;C:\Program Files\MySQL\MySQL Shell 8.0\bin\;C:\Users\Evans Kojo Aidoo\anaconda3;C:\Users\Evans Kojo Aidoo\anaconda3\Library\mingw-w64\bin;C:\Users\Evans Kojo Aidoo\anaconda3\Library\usr\bin;C:\Users\Evans Kojo Aidoo\anaconda3\Library\bin;C:\Users\Evans Kojo Aidoo\anaconda3\Scripts;C:\Users\Evans Kojo Aidoo\AppData\Local\Microsoft\WindowsApps;C:\Program Files\JetBrains\PyCharm Community Edition 2023.3.3\bin;;C:\Users\Evans Kojo Aidoo\AppData\Local\Programs\Microsoft VS Code\bin;C:\Users\Evans Kojo Aidoo\Desktop\C++ VIDEOS\mingw64\bin;C:\Users\Evans Kojo Aidoo\Desktop\C++\mingw64\bin;C:\Program Files\JetBrains\IntelliJ IDEA Community Edition 2025.1.1.1\bin;;C:\Users\Evans Kojo Aidoo\AppData\Local\GitHubDesktop\bin;%NVM_HOME%;%NVM_SYMLINK%;C:\Program Files\JetBrains\IntelliJ IDEA 2025.1.1.1\bin;;C:\Users\Evans Kojo Aidoo\Desktop\Java\maven-mvnd-1.0.2-windows-amd64\bin;C:\Users\Evans Kojo Aidoo\Desktop\Java\gradle-8.14.2\bin;C:\Users\Evans Kojo Aidoo\AppData\Local\Programs\cursor\resources\app\bin;C:\Users\Evans Kojo Aidoo\Desktop\Java\jdk-23\bin;C:\Users\Evans Kojo Aidoo\.bun\bin;C:\Users\Evans Kojo Aidoo\AppData\Roaming\npm;C:\Users\Evans Kojo Aidoo\AppData\Local\Android\Sdk\platform-tools;
USERNAME=Evans Kojo Aidoo
XDG_CONFIG_HOME=C:\Users\Evans Kojo Aidoo
OS=Windows_NT
PROCESSOR_IDENTIFIER=Intel64 Family 6 Model 126 Stepping 5, GenuineIntel
TMP=C:\Users\EVANSK~1\AppData\Local\Temp
TEMP=C:\Users\EVANSK~1\AppData\Local\Temp




Periodic native trim disabled

---------------  S Y S T E M  ---------------

OS:
 Windows 11 , 64 bit Build 26100 (10.0.26100.5074)
OS uptime: 0 days 7:44 hours
Hyper-V role detected

CPU: total 8 (initial active 8) (4 cores per cpu, 2 threads per core) family 6 model 126 stepping 5 microcode 0xa8, cx8, cmov, fxsr, ht, mmx, 3dnowpref, sse, sse2, sse3, ssse3, sse4.1, sse4.2, popcnt, lzcnt, tsc, tscinvbit, avx, avx2, aes, erms, clmul, bmi1, bmi2, adx, avx512f, avx512dq, avx512cd, avx512bw, avx512vl, sha, fma, vzeroupper, avx512_vpopcntdq, avx512_vpclmulqdq, avx512_vaes, avx512_vnni, clflush, clflushopt, avx512_vbmi2, avx512_vbmi, hv, rdtscp, rdpid, fsrm, gfni, avx512_bitalg, f16c, avx512_ifma
Processor Information for the first 8 processors :
  Max Mhz: 1190, Current Mhz: 991, Mhz Limit: 987

Memory: 4k page, system-wide physical 7973M (607M free)
TotalPageFile size 19491M (AvailPageFile size 0M)
current process WorkingSet (physical memory assigned to process): 536M, peak: 629M
current process commit charge ("private bytes"): 1065M, peak: 1069M

vm_info: OpenJDK 64-Bit Server VM (21.0.8+9-LTS) for windows-amd64 JRE (21.0.8+9-LTS), built on 2025-07-15T00:00:00Z by "admin" with MS VC++ 17.7 (VS2022)

END.
