#
# There is insufficient memory for the Java Runtime Environment to continue.
# Native memory allocation (malloc) failed to allocate 1048576 bytes. Error detail: AllocateHeap
# Possible reasons:
#   The system is out of physical RAM or swap space
#   This process is running with CompressedOops enabled, and the Java Heap may be blocking the growth of the native heap
# Possible solutions:
#   Reduce memory load on the system
#   Increase physical memory or swap space
#   Check if swap backing store is full
#   Decrease Java heap size (-Xmx/-Xms)
#   Decrease number of Java threads
#   Decrease Java thread stack sizes (-Xss)
#   Set larger code cache with -XX:ReservedCodeCacheSize=
#   JVM is running with Unscaled Compressed Oops mode in which the Java heap is
#     placed in the first 4GB address space. The Java Heap base address is the
#     maximum limit for the native heap growth. Please use -XX:HeapBaseMinAddress
#     to set the Java Heap base and to place the Java Heap above 4GB virtual address.
# This output file may be truncated or incomplete.
#
#  Out of Memory Error (allocation.cpp:44), pid=11528, tid=26264
#
# JRE version: OpenJDK Runtime Environment Temurin-21.0.8+9 (21.0.8+9) (build 21.0.8+9-LTS)
# Java VM: OpenJDK 64-Bit Server VM Temurin-21.0.8+9 (21.0.8+9-LTS, mixed mode, sharing, tiered, compressed oops, compressed class ptrs, parallel gc, windows-amd64)
# No core dump will be written. Minidumps are not enabled by default on client versions of Windows
#

---------------  S U M M A R Y ------------

Command Line: --add-modules=ALL-SYSTEM --add-opens=java.base/java.util=ALL-UNNAMED --add-opens=java.base/java.lang=ALL-UNNAMED --add-opens=java.base/sun.nio.fs=ALL-UNNAMED -Declipse.application=org.eclipse.jdt.ls.core.id1 -Dosgi.bundles.defaultStartLevel=4 -Declipse.product=org.eclipse.jdt.ls.core.product -Djava.import.generatesMetadataFilesAtProjectRoot=false -DDetectVMInstallationsJob.disabled=true -Dfile.encoding=utf8 -XX:+UseParallelGC -XX:GCTimeRatio=4 -XX:AdaptiveSizePolicyWeight=90 -Dsun.zip.disableMemoryMapping=true -Xmx2G -Xms100m -Xlog:disable -javaagent:c:\Users\Evans Kojo Aidoo\.cursor\extensions\redhat.java-1.45.0-win32-x64\lombok\lombok-1.18.39-4050.jar -XX:+HeapDumpOnOutOfMemoryError -XX:HeapDumpPath=c:\Users\Evans Kojo Aidoo\AppData\Roaming\Cursor\User\workspaceStorage\29729b227c44ccf91c9fd662e58fc224\redhat.java -Daether.dependencyCollector.impl=bf c:\Users\Evans Kojo Aidoo\.cursor\extensions\redhat.java-1.45.0-win32-x64\server\plugins\org.eclipse.equinox.launcher_1.7.0.v20250519-0528.jar -configuration c:\Users\Evans Kojo Aidoo\AppData\Roaming\Cursor\User\globalStorage\redhat.java\1.45.0\config_win -data c:\Users\Evans Kojo Aidoo\AppData\Roaming\Cursor\User\workspaceStorage\29729b227c44ccf91c9fd662e58fc224\redhat.java\jdt_ws --pipe=\\.\pipe\lsp-5c5a5e2b029de04a4f9bbecab51185f7-sock

Host: Intel(R) Core(TM) i5-1035G1 CPU @ 1.00GHz, 8 cores, 7G,  Windows 11 , 64 bit Build 26100 (10.0.26100.5074)
Time: Sat Oct  4 23:58:05 2025 Greenwich Standard Time elapsed time: 1449.834497 seconds (0d 0h 24m 9s)

---------------  T H R E A D  ---------------

Current thread (0x000001a97343f7d0):  JavaThread "Attach Listener" daemon [_thread_in_vm, id=26264, stack(0x0000009877200000,0x0000009877300000) (1024K)]

Stack: [0x0000009877200000,0x0000009877300000]
Native frames: (J=compiled Java code, j=interpreted, Vv=VM code, C=native code)
V  [jvm.dll+0x6d2449]
V  [jvm.dll+0x8ae341]
V  [jvm.dll+0x8b08be]
V  [jvm.dll+0x8b0fa3]
V  [jvm.dll+0x280c96]
V  [jvm.dll+0xc0347]
V  [jvm.dll+0x6d2cf9]
V  [jvm.dll+0x131116]
V  [jvm.dll+0x3f2d16]
V  [jvm.dll+0x857e6b]
V  [jvm.dll+0x6d0b0d]
C  [ucrtbase.dll+0x37b0]
C  [KERNEL32.DLL+0x2e8d7]
C  [ntdll.dll+0x8d9c]


---------------  P R O C E S S  ---------------

Threads class SMR info:
_java_thread_list=0x000001a97f4e3480, length=47, elements={
0x000001a9734c0c60, 0x000001a973438390, 0x000001a97343a340, 0x000001a97343ed80,
0x000001a97343f7d0, 0x000001a973442230, 0x000001a973442c80, 0x000001a973443ab0,
0x000001a97c752dd0, 0x000001a97c7c55e0, 0x000001a97ca1d7f0, 0x000001a97d30d660,
0x000001a97cc300b0, 0x000001a97cac54a0, 0x000001a97cac62e0, 0x000001a97dde5660,
0x000001a97e1da040, 0x000001a97ce8d2b0, 0x000001a97ce8c590, 0x000001a97ce8ecf0,
0x000001a97ebe51c0, 0x000001a97ebe1d40, 0x000001a97ebe3e10, 0x000001a97ebe4b30,
0x000001a97ebe44a0, 0x000001a97ebe30f0, 0x000001a97ebe5850, 0x000001a97ebe23d0,
0x000001a97ebe5ee0, 0x000001a97ebe2a60, 0x000001a97ebe6570, 0x000001a97ebe6c00,
0x000001a97de07630, 0x000001a97de06fa0, 0x000001a97de04840, 0x000001a97de08350,
0x000001a97de07cc0, 0x000001a97de09700, 0x000001a97de089e0, 0x000001a97de09070,
0x000001a97f1bed10, 0x000001a97f1be680, 0x000001a97f1bf3a0, 0x000001a97f1bfa30,
0x000001a97f1bcc40, 0x000001a97f1c2eb0, 0x000001a97f1c3540
}

Java Threads: ( => current thread )
  0x000001a9734c0c60 JavaThread "main"                              [_thread_blocked, id=22776, stack(0x0000009876b00000,0x0000009876c00000) (1024K)]
  0x000001a973438390 JavaThread "Reference Handler"          daemon [_thread_blocked, id=21560, stack(0x0000009876f00000,0x0000009877000000) (1024K)]
  0x000001a97343a340 JavaThread "Finalizer"                  daemon [_thread_blocked, id=22656, stack(0x0000009877000000,0x0000009877100000) (1024K)]
  0x000001a97343ed80 JavaThread "Signal Dispatcher"          daemon [_thread_blocked, id=24880, stack(0x0000009877100000,0x0000009877200000) (1024K)]
=>0x000001a97343f7d0 JavaThread "Attach Listener"            daemon [_thread_in_vm, id=26264, stack(0x0000009877200000,0x0000009877300000) (1024K)]
  0x000001a973442230 JavaThread "Service Thread"             daemon [_thread_blocked, id=27240, stack(0x0000009877300000,0x0000009877400000) (1024K)]
  0x000001a973442c80 JavaThread "Monitor Deflation Thread"   daemon [_thread_blocked, id=26152, stack(0x0000009877400000,0x0000009877500000) (1024K)]
  0x000001a973443ab0 JavaThread "C2 CompilerThread0"         daemon [_thread_blocked, id=21716, stack(0x0000009877500000,0x0000009877600000) (1024K)]
  0x000001a97c752dd0 JavaThread "C1 CompilerThread0"         daemon [_thread_blocked, id=23844, stack(0x0000009877600000,0x0000009877700000) (1024K)]
  0x000001a97c7c55e0 JavaThread "Common-Cleaner"             daemon [_thread_blocked, id=18960, stack(0x0000009877700000,0x0000009877800000) (1024K)]
  0x000001a97ca1d7f0 JavaThread "Notification Thread"        daemon [_thread_blocked, id=24216, stack(0x0000009877800000,0x0000009877900000) (1024K)]
  0x000001a97d30d660 JavaThread "Active Thread: Equinox Container: 19bcc14c-f4f6-4438-aa39-70ce30ef707b"        [_thread_blocked, id=26280, stack(0x0000009878000000,0x0000009878100000) (1024K)]
  0x000001a97cc300b0 JavaThread "Refresh Thread: Equinox Container: 19bcc14c-f4f6-4438-aa39-70ce30ef707b" daemon [_thread_blocked, id=16548, stack(0x0000009878100000,0x0000009878200000) (1024K)]
  0x000001a97cac54a0 JavaThread "Framework Event Dispatcher: Equinox Container: 19bcc14c-f4f6-4438-aa39-70ce30ef707b" daemon [_thread_blocked, id=10928, stack(0x0000009878200000,0x0000009878300000) (1024K)]
  0x000001a97cac62e0 JavaThread "Start Level: Equinox Container: 19bcc14c-f4f6-4438-aa39-70ce30ef707b" daemon [_thread_blocked, id=5128, stack(0x0000009878300000,0x0000009878400000) (1024K)]
  0x000001a97dde5660 JavaThread "Bundle File Closer"         daemon [_thread_blocked, id=26028, stack(0x0000009878400000,0x0000009878500000) (1024K)]
  0x000001a97e1da040 JavaThread "SCR Component Actor"        daemon [_thread_blocked, id=23440, stack(0x0000009878500000,0x0000009878600000) (1024K)]
  0x000001a97ce8d2b0 JavaThread "Worker-JM"                         [_thread_blocked, id=11456, stack(0x0000009878800000,0x0000009878900000) (1024K)]
  0x000001a97ce8c590 JavaThread "JNA Cleaner"                daemon [_thread_blocked, id=3060, stack(0x0000009876900000,0x0000009876a00000) (1024K)]
  0x000001a97ce8ecf0 JavaThread "Java indexing"              daemon [_thread_in_native, id=11692, stack(0x0000009878e00000,0x0000009878f00000) (1024K)]
  0x000001a97ebe51c0 JavaThread "Thread-2"                   daemon [_thread_in_native, id=25828, stack(0x0000009878600000,0x0000009878700000) (1024K)]
  0x000001a97ebe1d40 JavaThread "Thread-3"                   daemon [_thread_in_native, id=6128, stack(0x0000009879500000,0x0000009879600000) (1024K)]
  0x000001a97ebe3e10 JavaThread "Thread-4"                   daemon [_thread_in_native, id=25824, stack(0x0000009879600000,0x0000009879700000) (1024K)]
  0x000001a97ebe4b30 JavaThread "Thread-5"                   daemon [_thread_in_native, id=23256, stack(0x0000009879700000,0x0000009879800000) (1024K)]
  0x000001a97ebe44a0 JavaThread "Thread-6"                   daemon [_thread_in_native, id=24608, stack(0x0000009879800000,0x0000009879900000) (1024K)]
  0x000001a97ebe30f0 JavaThread "Thread-7"                   daemon [_thread_in_native, id=27252, stack(0x0000009879900000,0x0000009879a00000) (1024K)]
  0x000001a97ebe5850 JavaThread "Thread-8"                   daemon [_thread_in_native, id=26160, stack(0x0000009879a00000,0x0000009879b00000) (1024K)]
  0x000001a97ebe23d0 JavaThread "Thread-9"                   daemon [_thread_in_native, id=22560, stack(0x0000009879b00000,0x0000009879c00000) (1024K)]
  0x000001a97ebe5ee0 JavaThread "Thread-10"                  daemon [_thread_in_native, id=6180, stack(0x0000009879c00000,0x0000009879d00000) (1024K)]
  0x000001a97ebe2a60 JavaThread "pool-2-thread-1"                   [_thread_blocked, id=24724, stack(0x0000009879d00000,0x0000009879e00000) (1024K)]
  0x000001a97ebe6570 JavaThread "WorkspaceEventsHandler"            [_thread_blocked, id=2336, stack(0x0000009879e00000,0x0000009879f00000) (1024K)]
  0x000001a97ebe6c00 JavaThread "pool-1-thread-1"                   [_thread_blocked, id=17056, stack(0x0000009879f00000,0x000000987a000000) (1024K)]
  0x000001a97de07630 JavaThread "Worker-9"                          [_thread_blocked, id=9072, stack(0x000000987b100000,0x000000987b200000) (1024K)]
  0x000001a97de06fa0 JavaThread "Worker-22"                         [_thread_blocked, id=27412, stack(0x0000009876a00000,0x0000009876b00000) (1024K)]
  0x000001a97de04840 JavaThread "Worker-23"                         [_thread_blocked, id=14188, stack(0x0000009878a00000,0x0000009878b00000) (1024K)]
  0x000001a97de08350 JavaThread "Worker-24"                         [_thread_blocked, id=27392, stack(0x0000009878b00000,0x0000009878c00000) (1024K)]
  0x000001a97de07cc0 JavaThread "ForkJoinPool.commonPool-worker-9" daemon [_thread_blocked, id=12904, stack(0x0000009878700000,0x0000009878800000) (1024K)]
  0x000001a97de09700 JavaThread "ForkJoinPool.commonPool-worker-10" daemon [_thread_blocked, id=7420, stack(0x0000009878d00000,0x0000009878e00000) (1024K)]
  0x000001a97de089e0 JavaThread "ForkJoinPool.commonPool-worker-11" daemon [_thread_blocked, id=23656, stack(0x0000009878f00000,0x0000009879000000) (1024K)]
  0x000001a97de09070 JavaThread "ForkJoinPool.commonPool-worker-12" daemon [_thread_blocked, id=26460, stack(0x0000009878c00000,0x0000009878d00000) (1024K)]
  0x000001a97f1bed10 JavaThread "ForkJoinPool.commonPool-worker-13" daemon [_thread_blocked, id=6656, stack(0x0000009879000000,0x0000009879100000) (1024K)]
  0x000001a97f1be680 JavaThread "ForkJoinPool.commonPool-worker-14" daemon [_thread_blocked, id=2356, stack(0x0000009879100000,0x0000009879200000) (1024K)]
  0x000001a97f1bf3a0 JavaThread "ForkJoinPool.commonPool-worker-15" daemon [_thread_blocked, id=5756, stack(0x0000009879200000,0x0000009879300000) (1024K)]
  0x000001a97f1bfa30 JavaThread "Worker-25: Building"               [_thread_in_Java, id=25412, stack(0x0000009878900000,0x0000009878a00000) (1024K)]
  0x000001a97f1bcc40 JavaThread "Worker-26"                         [_thread_blocked, id=21904, stack(0x0000009879300000,0x0000009879400000) (1024K)]
  0x000001a97f1c2eb0 JavaThread "Compiler Source File Reader" daemon [_thread_blocked, id=25376, stack(0x0000009879400000,0x0000009879500000) (1024K)]
  0x000001a97f1c3540 JavaThread "Compiler Processing Task"   daemon [_thread_blocked, id=19340, stack(0x000000987a000000,0x000000987a100000) (1024K)]
Total: 47

Other Threads:
  0x000001a973567bb0 VMThread "VM Thread"                           [id=24604, stack(0x0000009876e00000,0x0000009876f00000) (1024K)]
  0x000001a97352f350 WatcherThread "VM Periodic Task Thread"        [id=25040, stack(0x0000009876d00000,0x0000009876e00000) (1024K)]
  0x000001a9734de1a0 WorkerThread "GC Thread#0"                     [id=11020, stack(0x0000009876c00000,0x0000009876d00000) (1024K)]
  0x000001a97d129180 WorkerThread "GC Thread#1"                     [id=23576, stack(0x0000009877a00000,0x0000009877b00000) (1024K)]
  0x000001a97cf76fd0 WorkerThread "GC Thread#2"                     [id=26120, stack(0x0000009877b00000,0x0000009877c00000) (1024K)]
  0x000001a97d129520 WorkerThread "GC Thread#3"                     [id=11876, stack(0x0000009877c00000,0x0000009877d00000) (1024K)]
  0x000001a97d1298c0 WorkerThread "GC Thread#4"                     [id=11892, stack(0x0000009877d00000,0x0000009877e00000) (1024K)]
  0x000001a97cbea4d0 WorkerThread "GC Thread#5"                     [id=2008, stack(0x0000009877e00000,0x0000009877f00000) (1024K)]
  0x000001a97cbea870 WorkerThread "GC Thread#6"                     [id=8424, stack(0x0000009877f00000,0x0000009878000000) (1024K)]
  0x000001a97346eb40 WorkerThread "GC Thread#7"                     [id=23676, stack(0x0000009877900000,0x0000009877a00000) (1024K)]
Total: 10

Threads with active compile tasks:
Total: 0

VM state: not at safepoint (normal execution)

VM Mutex/Monitor currently owned by a thread: None

Heap address: 0x0000000080000000, size: 2048 MB, Compressed Oops mode: 32-bit

CDS archive(s) mapped at: [0x000001a90f000000-0x000001a90fba0000-0x000001a90fba0000), size 12189696, SharedBaseAddress: 0x000001a90f000000, ArchiveRelocationMode: 1.
Compressed class space mapped at: 0x000001a910000000-0x000001a950000000, reserved size: 1073741824
Narrow klass base: 0x000001a90f000000, Narrow klass shift: 0, Narrow klass range: 0x100000000

GC Precious Log:
 CardTable entry size: 512
 CPUs: 8 total, 8 available
 Memory: 7973M
 Large Page Support: Disabled
 NUMA Support: Disabled
 Compressed Oops: Enabled (32-bit)
 Alignments: Space 512K, Generation 512K, Heap 2M
 Heap Min Capacity: 100M
 Heap Initial Capacity: 100M
 Heap Max Capacity: 2G
 Pre-touch: Disabled
 Parallel Workers: 8

Heap:
 PSYoungGen      total 2560K, used 1889K [0x00000000d5580000, 0x00000000d5980000, 0x0000000100000000)
  eden space 2048K, 75% used [0x00000000d5580000,0x00000000d5700690,0x00000000d5780000)
  from space 512K, 68% used [0x00000000d5880000,0x00000000d58d8020,0x00000000d5900000)
  to   space 512K, 0% used [0x00000000d5900000,0x00000000d5900000,0x00000000d5980000)
 ParOldGen       total 785408K, used 785154K [0x0000000080000000, 0x00000000aff00000, 0x00000000d5580000)
  object space 785408K, 99% used [0x0000000080000000,0x00000000afec0ac8,0x00000000aff00000)
 Metaspace       used 97544K, committed 99456K, reserved 1179648K
  class space    used 10096K, committed 11008K, reserved 1048576K

Card table byte_map: [0x000001a972e60000,0x000001a973270000] _byte_map_base: 0x000001a972a60000

Marking Bits: (ParMarkBitMap*) 0x00007ffbd855a340
 Begin Bits: [0x000001a976960000, 0x000001a978960000)
 End Bits:   [0x000001a978960000, 0x000001a97a960000)

Polling page: 0x000001a971290000

Metaspace:

Usage:
  Non-class:     85.40 MB used.
      Class:      9.86 MB used.
       Both:     95.26 MB used.

Virtual space:
  Non-class space:      128.00 MB reserved,      86.38 MB ( 67%) committed,  2 nodes.
      Class space:        1.00 GB reserved,      10.75 MB (  1%) committed,  1 nodes.
             Both:        1.12 GB reserved,      97.12 MB (  8%) committed. 

Chunk freelists:
   Non-Class:  9.11 MB
       Class:  5.28 MB
        Both:  14.39 MB

MaxMetaspaceSize: unlimited
CompressedClassSpaceSize: 1.00 GB
Initial GC threshold: 21.00 MB
Current GC threshold: 143.56 MB
CDS: on
 - commit_granule_bytes: 65536.
 - commit_granule_words: 8192.
 - virtual_space_node_default_size: 8388608.
 - enlarge_chunks_in_place: 1.
 - use_allocation_guard: 0.


Internal statistics:

num_allocs_failed_limit: 9.
num_arena_births: 1728.
num_arena_deaths: 28.
num_vsnodes_births: 3.
num_vsnodes_deaths: 0.
num_space_committed: 1555.
num_space_uncommitted: 2.
num_chunks_returned_to_freelist: 67.
num_chunks_taken_from_freelist: 6471.
num_chunk_merges: 22.
num_chunk_splits: 3868.
num_chunks_enlarged: 2075.
num_inconsistent_stats: 0.

CodeHeap 'non-profiled nmethods': size=120000Kb used=28036Kb max_used=28036Kb free=91963Kb
 bounds [0x000001a907ad0000, 0x000001a909640000, 0x000001a90f000000]
CodeHeap 'profiled nmethods': size=120000Kb used=53524Kb max_used=53524Kb free=66475Kb
 bounds [0x000001a900000000, 0x000001a903450000, 0x000001a907530000]
CodeHeap 'non-nmethods': size=5760Kb used=1550Kb max_used=1622Kb free=4209Kb
 bounds [0x000001a907530000, 0x000001a9077a0000, 0x000001a907ad0000]
CodeCache: size=245760Kb, used=83110Kb, max_used=83182Kb, free=162647Kb
 total_blobs=21730, nmethods=20867, adapters=766, full_count=0
Compilation: enabled, stopped_count=0, restarted_count=0

Compilation events (20 events):
Event: 1449.069 Thread 0x000001a97c752dd0 25094       3       org.eclipse.core.resources.IncrementalProjectBuilder::isInterrupted (5 bytes)
Event: 1449.069 Thread 0x000001a973443ab0 25096       4       org.eclipse.jdt.internal.compiler.classfmt.AnnotationInfo::decodeDefaultValue (871 bytes)
Event: 1449.070 Thread 0x000001a97c752dd0 nmethod 25094 0x000001a903443190 code [0x000001a9034433a0, 0x000001a903443a60]
Event: 1449.070 Thread 0x000001a97c752dd0 25095       3       org.eclipse.core.internal.events.InternalBuilder::isInterrupted (10 bytes)
Event: 1449.071 Thread 0x000001a97c752dd0 nmethod 25095 0x000001a903443d10 code [0x000001a903443f20, 0x000001a903444578]
Event: 1449.274 Thread 0x000001a97c752dd0 25098       3       java.util.concurrent.locks.AbstractQueuedSynchronizer$ConditionNode::block (15 bytes)
Event: 1449.277 Thread 0x000001a97c752dd0 nmethod 25098 0x000001a903444810 code [0x000001a903444a00, 0x000001a903444fd0]
Event: 1449.481 Thread 0x000001a973443ab0 nmethod 25096 0x000001a909629c90 code [0x000001a90962a140, 0x000001a90962e480]
Event: 1449.483 Thread 0x000001a973443ab0 25097   !   4       org.eclipse.jdt.ls.core.internal.CancellableProgressMonitor::isCanceled (33 bytes)
Event: 1449.488 Thread 0x000001a973443ab0 nmethod 25097 0x000001a909630190 code [0x000001a909630340, 0x000001a909630558]
Event: 1449.592 Thread 0x000001a97c752dd0 25100       3       org.eclipse.core.internal.resources.MarkerSet::<init> (24 bytes)
Event: 1449.593 Thread 0x000001a97c752dd0 nmethod 25100 0x000001a903445190 code [0x000001a903445340, 0x000001a903445608]
Event: 1449.595 Thread 0x000001a973443ab0 25101       4       sun.security.provider.HashDrbg::addBytes (130 bytes)
Event: 1449.596 Thread 0x000001a97c752dd0 25103       3       org.eclipse.core.internal.resources.MarkerManager::findMarkers (49 bytes)
Event: 1449.597 Thread 0x000001a97c752dd0 nmethod 25103 0x000001a903445710 code [0x000001a903445920, 0x000001a903446128]
Event: 1449.597 Thread 0x000001a97c752dd0 25104       3       org.eclipse.core.internal.resources.MarkerManager::doFindMarkers (50 bytes)
Event: 1449.599 Thread 0x000001a97c752dd0 nmethod 25104 0x000001a903446310 code [0x000001a903446500, 0x000001a9034469f8]
Event: 1449.611 Thread 0x000001a973443ab0 nmethod 25101 0x000001a909630710 code [0x000001a9096308a0, 0x000001a909630bf8]
Event: 1449.611 Thread 0x000001a973443ab0 25102       4       java.lang.Long::formatUnsignedLong0 (47 bytes)
Event: 1449.619 Thread 0x000001a973443ab0 nmethod 25102 0x000001a909630d90 code [0x000001a909630f20, 0x000001a9096311d8]

GC Heap History (20 events):
Event: 1448.728 GC heap before
{Heap before GC invocations=2621 (full 5):
 PSYoungGen      total 1536K, used 924K [0x00000000d5580000, 0x00000000d5a00000, 0x0000000100000000)
  eden space 512K, 85% used [0x00000000d5580000,0x00000000d55ed0f8,0x00000000d5600000)
  from space 1024K, 47% used [0x00000000d5600000,0x00000000d567a088,0x00000000d5700000)
  to   space 1024K, 0% used [0x00000000d5900000,0x00000000d5900000,0x00000000d5a00000)
 ParOldGen       total 781312K, used 781197K [0x0000000080000000, 0x00000000afb00000, 0x00000000d5580000)
  object space 781312K, 99% used [0x0000000080000000,0x00000000afae3410,0x00000000afb00000)
 Metaspace       used 97457K, committed 99392K, reserved 1179648K
  class space    used 10086K, committed 11008K, reserved 1048576K
}
Event: 1448.733 GC heap after
{Heap after GC invocations=2621 (full 5):
 PSYoungGen      total 1536K, used 650K [0x00000000d5580000, 0x00000000d5a00000, 0x0000000100000000)
  eden space 512K, 0% used [0x00000000d5580000,0x00000000d5580000,0x00000000d5600000)
  from space 1024K, 63% used [0x00000000d5900000,0x00000000d59a2ad8,0x00000000d5a00000)
  to   space 1024K, 0% used [0x00000000d5600000,0x00000000d5600000,0x00000000d5700000)
 ParOldGen       total 781824K, used 781621K [0x0000000080000000, 0x00000000afb80000, 0x00000000d5580000)
  object space 781824K, 99% used [0x0000000080000000,0x00000000afb4d778,0x00000000afb80000)
 Metaspace       used 97457K, committed 99392K, reserved 1179648K
  class space    used 10086K, committed 11008K, reserved 1048576K
}
Event: 1448.772 GC heap before
{Heap before GC invocations=2622 (full 5):
 PSYoungGen      total 1536K, used 1096K [0x00000000d5580000, 0x00000000d5a00000, 0x0000000100000000)
  eden space 512K, 87% used [0x00000000d5580000,0x00000000d55ef5f8,0x00000000d5600000)
  from space 1024K, 63% used [0x00000000d5900000,0x00000000d59a2ad8,0x00000000d5a00000)
  to   space 1024K, 0% used [0x00000000d5600000,0x00000000d5600000,0x00000000d5700000)
 ParOldGen       total 781824K, used 781621K [0x0000000080000000, 0x00000000afb80000, 0x00000000d5580000)
  object space 781824K, 99% used [0x0000000080000000,0x00000000afb4d778,0x00000000afb80000)
 Metaspace       used 97457K, committed 99392K, reserved 1179648K
  class space    used 10086K, committed 11008K, reserved 1048576K
}
Event: 1448.776 GC heap after
{Heap after GC invocations=2622 (full 5):
 PSYoungGen      total 1536K, used 587K [0x00000000d5580000, 0x00000000d5980000, 0x0000000100000000)
  eden space 512K, 0% used [0x00000000d5580000,0x00000000d5580000,0x00000000d5600000)
  from space 1024K, 57% used [0x00000000d5600000,0x00000000d5692e00,0x00000000d5700000)
  to   space 1024K, 0% used [0x00000000d5880000,0x00000000d5880000,0x00000000d5980000)
 ParOldGen       total 782336K, used 782068K [0x0000000080000000, 0x00000000afc00000, 0x00000000d5580000)
  object space 782336K, 99% used [0x0000000080000000,0x00000000afbbd2c8,0x00000000afc00000)
 Metaspace       used 97457K, committed 99392K, reserved 1179648K
  class space    used 10086K, committed 11008K, reserved 1048576K
}
Event: 1448.819 GC heap before
{Heap before GC invocations=2623 (full 5):
 PSYoungGen      total 1536K, used 1099K [0x00000000d5580000, 0x00000000d5980000, 0x0000000100000000)
  eden space 512K, 100% used [0x00000000d5580000,0x00000000d5600000,0x00000000d5600000)
  from space 1024K, 57% used [0x00000000d5600000,0x00000000d5692e00,0x00000000d5700000)
  to   space 1024K, 0% used [0x00000000d5880000,0x00000000d5880000,0x00000000d5980000)
 ParOldGen       total 782336K, used 782068K [0x0000000080000000, 0x00000000afc00000, 0x00000000d5580000)
  object space 782336K, 99% used [0x0000000080000000,0x00000000afbbd2c8,0x00000000afc00000)
 Metaspace       used 97457K, committed 99392K, reserved 1179648K
  class space    used 10086K, committed 11008K, reserved 1048576K
}
Event: 1448.822 GC heap after
{Heap after GC invocations=2623 (full 5):
 PSYoungGen      total 1536K, used 589K [0x00000000d5580000, 0x00000000d5980000, 0x0000000100000000)
  eden space 512K, 0% used [0x00000000d5580000,0x00000000d5580000,0x00000000d5600000)
  from space 1024K, 57% used [0x00000000d5880000,0x00000000d5913598,0x00000000d5980000)
  to   space 1024K, 0% used [0x00000000d5600000,0x00000000d5600000,0x00000000d5700000)
 ParOldGen       total 782848K, used 782518K [0x0000000080000000, 0x00000000afc80000, 0x00000000d5580000)
  object space 782848K, 99% used [0x0000000080000000,0x00000000afc2d8a8,0x00000000afc80000)
 Metaspace       used 97457K, committed 99392K, reserved 1179648K
  class space    used 10086K, committed 11008K, reserved 1048576K
}
Event: 1448.840 GC heap before
{Heap before GC invocations=2624 (full 5):
 PSYoungGen      total 1536K, used 1101K [0x00000000d5580000, 0x00000000d5980000, 0x0000000100000000)
  eden space 512K, 100% used [0x00000000d5580000,0x00000000d5600000,0x00000000d5600000)
  from space 1024K, 57% used [0x00000000d5880000,0x00000000d5913598,0x00000000d5980000)
  to   space 1024K, 0% used [0x00000000d5600000,0x00000000d5600000,0x00000000d5700000)
 ParOldGen       total 782848K, used 782518K [0x0000000080000000, 0x00000000afc80000, 0x00000000d5580000)
  object space 782848K, 99% used [0x0000000080000000,0x00000000afc2d8a8,0x00000000afc80000)
 Metaspace       used 97457K, committed 99392K, reserved 1179648K
  class space    used 10086K, committed 11008K, reserved 1048576K
}
Event: 1448.846 GC heap after
{Heap after GC invocations=2624 (full 5):
 PSYoungGen      total 1536K, used 593K [0x00000000d5580000, 0x00000000d5900000, 0x0000000100000000)
  eden space 512K, 0% used [0x00000000d5580000,0x00000000d5580000,0x00000000d5600000)
  from space 1024K, 57% used [0x00000000d5600000,0x00000000d56945d0,0x00000000d5700000)
  to   space 1024K, 0% used [0x00000000d5800000,0x00000000d5800000,0x00000000d5900000)
 ParOldGen       total 783360K, used 783031K [0x0000000080000000, 0x00000000afd00000, 0x00000000d5580000)
  object space 783360K, 99% used [0x0000000080000000,0x00000000afcaddc8,0x00000000afd00000)
 Metaspace       used 97457K, committed 99392K, reserved 1179648K
  class space    used 10086K, committed 11008K, reserved 1048576K
}
Event: 1448.896 GC heap before
{Heap before GC invocations=2625 (full 5):
 PSYoungGen      total 1536K, used 1105K [0x00000000d5580000, 0x00000000d5900000, 0x0000000100000000)
  eden space 512K, 100% used [0x00000000d5580000,0x00000000d5600000,0x00000000d5600000)
  from space 1024K, 57% used [0x00000000d5600000,0x00000000d56945d0,0x00000000d5700000)
  to   space 1024K, 0% used [0x00000000d5800000,0x00000000d5800000,0x00000000d5900000)
 ParOldGen       total 783360K, used 783031K [0x0000000080000000, 0x00000000afd00000, 0x00000000d5580000)
  object space 783360K, 99% used [0x0000000080000000,0x00000000afcaddc8,0x00000000afd00000)
 Metaspace       used 97457K, committed 99392K, reserved 1179648K
  class space    used 10086K, committed 11008K, reserved 1048576K
}
Event: 1448.901 GC heap after
{Heap after GC invocations=2625 (full 5):
 PSYoungGen      total 2560K, used 256K [0x00000000d5580000, 0x00000000d5880000, 0x0000000100000000)
  eden space 2048K, 0% used [0x00000000d5580000,0x00000000d5580000,0x00000000d5780000)
  from space 512K, 50% used [0x00000000d5800000,0x00000000d5840000,0x00000000d5880000)
  to   space 512K, 0% used [0x00000000d5780000,0x00000000d5780000,0x00000000d5800000)
 ParOldGen       total 783872K, used 783466K [0x0000000080000000, 0x00000000afd80000, 0x00000000d5580000)
  object space 783872K, 99% used [0x0000000080000000,0x00000000afd1a938,0x00000000afd80000)
 Metaspace       used 97457K, committed 99392K, reserved 1179648K
  class space    used 10086K, committed 11008K, reserved 1048576K
}
Event: 1448.971 GC heap before
{Heap before GC invocations=2626 (full 5):
 PSYoungGen      total 2560K, used 2260K [0x00000000d5580000, 0x00000000d5880000, 0x0000000100000000)
  eden space 2048K, 97% used [0x00000000d5580000,0x00000000d5775258,0x00000000d5780000)
  from space 512K, 50% used [0x00000000d5800000,0x00000000d5840000,0x00000000d5880000)
  to   space 512K, 0% used [0x00000000d5780000,0x00000000d5780000,0x00000000d5800000)
 ParOldGen       total 783872K, used 783466K [0x0000000080000000, 0x00000000afd80000, 0x00000000d5580000)
  object space 783872K, 99% used [0x0000000080000000,0x00000000afd1a938,0x00000000afd80000)
 Metaspace       used 97457K, committed 99392K, reserved 1179648K
  class space    used 10086K, committed 11008K, reserved 1048576K
}
Event: 1448.976 GC heap after
{Heap after GC invocations=2626 (full 5):
 PSYoungGen      total 2560K, used 496K [0x00000000d5580000, 0x00000000d5a80000, 0x0000000100000000)
  eden space 2048K, 0% used [0x00000000d5580000,0x00000000d5580000,0x00000000d5780000)
  from space 512K, 96% used [0x00000000d5780000,0x00000000d57fc030,0x00000000d5800000)
  to   space 1536K, 0% used [0x00000000d5900000,0x00000000d5900000,0x00000000d5a80000)
 ParOldGen       total 784384K, used 783940K [0x0000000080000000, 0x00000000afe00000, 0x00000000d5580000)
  object space 784384K, 99% used [0x0000000080000000,0x00000000afd91348,0x00000000afe00000)
 Metaspace       used 97457K, committed 99392K, reserved 1179648K
  class space    used 10086K, committed 11008K, reserved 1048576K
}
Event: 1449.061 GC heap before
{Heap before GC invocations=2627 (full 5):
 PSYoungGen      total 2560K, used 2544K [0x00000000d5580000, 0x00000000d5a80000, 0x0000000100000000)
  eden space 2048K, 100% used [0x00000000d5580000,0x00000000d5780000,0x00000000d5780000)
  from space 512K, 96% used [0x00000000d5780000,0x00000000d57fc030,0x00000000d5800000)
  to   space 1536K, 0% used [0x00000000d5900000,0x00000000d5900000,0x00000000d5a80000)
 ParOldGen       total 784384K, used 783940K [0x0000000080000000, 0x00000000afe00000, 0x00000000d5580000)
  object space 784384K, 99% used [0x0000000080000000,0x00000000afd91348,0x00000000afe00000)
 Metaspace       used 97462K, committed 99392K, reserved 1179648K
  class space    used 10086K, committed 11008K, reserved 1048576K
}
Event: 1449.067 GC heap after
{Heap after GC invocations=2627 (full 5):
 PSYoungGen      total 3072K, used 768K [0x00000000d5580000, 0x00000000d5a00000, 0x0000000100000000)
  eden space 2048K, 0% used [0x00000000d5580000,0x00000000d5580000,0x00000000d5780000)
  from space 1024K, 75% used [0x00000000d5900000,0x00000000d59c0000,0x00000000d5a00000)
  to   space 1024K, 0% used [0x00000000d5800000,0x00000000d5800000,0x00000000d5900000)
 ParOldGen       total 784384K, used 784369K [0x0000000080000000, 0x00000000afe00000, 0x00000000d5580000)
  object space 784384K, 99% used [0x0000000080000000,0x00000000afdfc6c8,0x00000000afe00000)
 Metaspace       used 97462K, committed 99392K, reserved 1179648K
  class space    used 10086K, committed 11008K, reserved 1048576K
}
Event: 1449.085 GC heap before
{Heap before GC invocations=2628 (full 5):
 PSYoungGen      total 3072K, used 2816K [0x00000000d5580000, 0x00000000d5a00000, 0x0000000100000000)
  eden space 2048K, 100% used [0x00000000d5580000,0x00000000d5780000,0x00000000d5780000)
  from space 1024K, 75% used [0x00000000d5900000,0x00000000d59c0000,0x00000000d5a00000)
  to   space 1024K, 0% used [0x00000000d5800000,0x00000000d5800000,0x00000000d5900000)
 ParOldGen       total 784384K, used 784369K [0x0000000080000000, 0x00000000afe00000, 0x00000000d5580000)
  object space 784384K, 99% used [0x0000000080000000,0x00000000afdfc6c8,0x00000000afe00000)
 Metaspace       used 97462K, committed 99392K, reserved 1179648K
  class space    used 10086K, committed 11008K, reserved 1048576K
}
Event: 1449.088 GC heap after
{Heap after GC invocations=2628 (full 5):
 PSYoungGen      total 3072K, used 224K [0x00000000d5580000, 0x00000000d5980000, 0x0000000100000000)
  eden space 2048K, 0% used [0x00000000d5580000,0x00000000d5580000,0x00000000d5780000)
  from space 1024K, 21% used [0x00000000d5800000,0x00000000d5838000,0x00000000d5900000)
  to   space 512K, 0% used [0x00000000d5900000,0x00000000d5900000,0x00000000d5980000)
 ParOldGen       total 785408K, used 785026K [0x0000000080000000, 0x00000000aff00000, 0x00000000d5580000)
  object space 785408K, 99% used [0x0000000080000000,0x00000000afea0ac8,0x00000000aff00000)
 Metaspace       used 97462K, committed 99392K, reserved 1179648K
  class space    used 10086K, committed 11008K, reserved 1048576K
}
Event: 1449.154 GC heap before
{Heap before GC invocations=2629 (full 5):
 PSYoungGen      total 3072K, used 2272K [0x00000000d5580000, 0x00000000d5980000, 0x0000000100000000)
  eden space 2048K, 100% used [0x00000000d5580000,0x00000000d5780000,0x00000000d5780000)
  from space 1024K, 21% used [0x00000000d5800000,0x00000000d5838000,0x00000000d5900000)
  to   space 512K, 0% used [0x00000000d5900000,0x00000000d5900000,0x00000000d5980000)
 ParOldGen       total 785408K, used 785026K [0x0000000080000000, 0x00000000aff00000, 0x00000000d5580000)
  object space 785408K, 99% used [0x0000000080000000,0x00000000afea0ac8,0x00000000aff00000)
 Metaspace       used 97462K, committed 99392K, reserved 1179648K
  class space    used 10086K, committed 11008K, reserved 1048576K
}
Event: 1449.157 GC heap after
{Heap after GC invocations=2629 (full 5):
 PSYoungGen      total 2560K, used 224K [0x00000000d5580000, 0x00000000d5980000, 0x0000000100000000)
  eden space 2048K, 0% used [0x00000000d5580000,0x00000000d5580000,0x00000000d5780000)
  from space 512K, 43% used [0x00000000d5900000,0x00000000d5938000,0x00000000d5980000)
  to   space 512K, 0% used [0x00000000d5880000,0x00000000d5880000,0x00000000d5900000)
 ParOldGen       total 785408K, used 785098K [0x0000000080000000, 0x00000000aff00000, 0x00000000d5580000)
  object space 785408K, 99% used [0x0000000080000000,0x00000000afeb2ac8,0x00000000aff00000)
 Metaspace       used 97462K, committed 99392K, reserved 1179648K
  class space    used 10086K, committed 11008K, reserved 1048576K
}
Event: 1449.641 GC heap before
{Heap before GC invocations=2630 (full 5):
 PSYoungGen      total 2560K, used 2271K [0x00000000d5580000, 0x00000000d5980000, 0x0000000100000000)
  eden space 2048K, 99% used [0x00000000d5580000,0x00000000d577fe38,0x00000000d5780000)
  from space 512K, 43% used [0x00000000d5900000,0x00000000d5938000,0x00000000d5980000)
  to   space 512K, 0% used [0x00000000d5880000,0x00000000d5880000,0x00000000d5900000)
 ParOldGen       total 785408K, used 785098K [0x0000000080000000, 0x00000000aff00000, 0x00000000d5580000)
  object space 785408K, 99% used [0x0000000080000000,0x00000000afeb2ac8,0x00000000aff00000)
 Metaspace       used 97482K, committed 99392K, reserved 1179648K
  class space    used 10089K, committed 11008K, reserved 1048576K
}
Event: 1449.644 GC heap after
{Heap after GC invocations=2630 (full 5):
 PSYoungGen      total 2560K, used 352K [0x00000000d5580000, 0x00000000d5980000, 0x0000000100000000)
  eden space 2048K, 0% used [0x00000000d5580000,0x00000000d5580000,0x00000000d5780000)
  from space 512K, 68% used [0x00000000d5880000,0x00000000d58d8020,0x00000000d5900000)
  to   space 512K, 0% used [0x00000000d5900000,0x00000000d5900000,0x00000000d5980000)
 ParOldGen       total 785408K, used 785154K [0x0000000080000000, 0x00000000aff00000, 0x00000000d5580000)
  object space 785408K, 99% used [0x0000000080000000,0x00000000afec0ac8,0x00000000aff00000)
 Metaspace       used 97482K, committed 99392K, reserved 1179648K
  class space    used 10089K, committed 11008K, reserved 1048576K
}

Dll operation events (12 events):
Event: 0.073 Loaded shared library c:\Users\Evans Kojo Aidoo\.cursor\extensions\redhat.java-1.45.0-win32-x64\jre\21.0.8-win32-x86_64\bin\java.dll
Event: 0.492 Loaded shared library c:\Users\Evans Kojo Aidoo\.cursor\extensions\redhat.java-1.45.0-win32-x64\jre\21.0.8-win32-x86_64\bin\zip.dll
Event: 0.550 Loaded shared library C:\Users\Evans Kojo Aidoo\.cursor\extensions\redhat.java-1.45.0-win32-x64\jre\21.0.8-win32-x86_64\bin\instrument.dll
Event: 0.570 Loaded shared library C:\Users\Evans Kojo Aidoo\.cursor\extensions\redhat.java-1.45.0-win32-x64\jre\21.0.8-win32-x86_64\bin\net.dll
Event: 0.576 Loaded shared library C:\Users\Evans Kojo Aidoo\.cursor\extensions\redhat.java-1.45.0-win32-x64\jre\21.0.8-win32-x86_64\bin\nio.dll
Event: 0.586 Loaded shared library C:\Users\Evans Kojo Aidoo\.cursor\extensions\redhat.java-1.45.0-win32-x64\jre\21.0.8-win32-x86_64\bin\zip.dll
Event: 0.644 Loaded shared library C:\Users\Evans Kojo Aidoo\.cursor\extensions\redhat.java-1.45.0-win32-x64\jre\21.0.8-win32-x86_64\bin\jimage.dll
Event: 0.860 Loaded shared library c:\Users\Evans Kojo Aidoo\.cursor\extensions\redhat.java-1.45.0-win32-x64\jre\21.0.8-win32-x86_64\bin\verify.dll
Event: 27.426 Loaded shared library C:\Users\Evans Kojo Aidoo\AppData\Roaming\Cursor\User\globalStorage\redhat.java\1.45.0\config_win\org.eclipse.equinox.launcher\org.eclipse.equinox.launcher.win32.win32.x86_64_1.2.1400.v20250801-0854\eclipse_11916.dll
Event: 60.007 Loaded shared library C:\Users\Evans Kojo Aidoo\AppData\Local\Temp\jna-1657696368\jna17854720405147141575.dll
Event: 67.406 Loaded shared library C:\Users\Evans Kojo Aidoo\.cursor\extensions\redhat.java-1.45.0-win32-x64\jre\21.0.8-win32-x86_64\bin\sunmscapi.dll
Event: 71.714 Loaded shared library C:\Users\Evans Kojo Aidoo\.cursor\extensions\redhat.java-1.45.0-win32-x64\jre\21.0.8-win32-x86_64\bin\extnet.dll

Deoptimization events (20 events):
Event: 1449.002 Thread 0x000001a97ce8ecf0 DEOPT PACKING pc=0x000001a9005509cc sp=0x0000009878efe8f0
Event: 1449.002 Thread 0x000001a97ce8ecf0 DEOPT UNPACKING pc=0x000001a9075878e2 sp=0x0000009878efddd0 mode 0
Event: 1449.040 Thread 0x000001a97ce8ecf0 DEOPT PACKING pc=0x000001a90343be00 sp=0x0000009878efe9d0
Event: 1449.040 Thread 0x000001a97ce8ecf0 DEOPT UNPACKING pc=0x000001a9075878e2 sp=0x0000009878efdea8 mode 0
Event: 1449.496 Thread 0x000001a97f1c3540 DEOPT PACKING pc=0x000001a902101374 sp=0x000000987a0fed20
Event: 1449.496 Thread 0x000001a97f1c3540 DEOPT UNPACKING pc=0x000001a9075878e2 sp=0x000000987a0fe268 mode 0
Event: 1449.592 Thread 0x000001a97f1bfa30 Uncommon trap: trap_request=0xffffffde fr.pc=0x000001a907fe9a18 relative=0x0000000000000598
Event: 1449.592 Thread 0x000001a97f1bfa30 Uncommon trap: reason=class_check action=maybe_recompile pc=0x000001a907fe9a18 method=org.eclipse.core.internal.resources.MarkerManager.basicRemoveMarkers(Lorg/eclipse/core/internal/resources/ResourceInfo;Lorg/eclipse/core/internal/watson/IPathRequestor;L
Event: 1449.592 Thread 0x000001a97f1bfa30 DEOPT PACKING pc=0x000001a907fe9a18 sp=0x00000098789fe090
Event: 1449.592 Thread 0x000001a97f1bfa30 DEOPT UNPACKING pc=0x000001a907586da2 sp=0x00000098789fe040 mode 2
Event: 1449.595 Thread 0x000001a97f1bfa30 DEOPT PACKING pc=0x000001a900edf5cd sp=0x00000098789fdbe0
Event: 1449.595 Thread 0x000001a97f1bfa30 DEOPT UNPACKING pc=0x000001a9075878e2 sp=0x00000098789fd040 mode 0
Event: 1449.724 Thread 0x000001a97f1bcc40 Uncommon trap: trap_request=0xffffffbe fr.pc=0x000001a909630b48 relative=0x00000000000002a8
Event: 1449.724 Thread 0x000001a97f1bcc40 Uncommon trap: reason=profile_predicate action=maybe_recompile pc=0x000001a909630b48 method=sun.security.provider.HashDrbg.addBytes([BI[[B)V @ 36 c2
Event: 1449.724 Thread 0x000001a97f1bcc40 DEOPT PACKING pc=0x000001a909630b48 sp=0x00000098793fed20
Event: 1449.724 Thread 0x000001a97f1bcc40 DEOPT UNPACKING pc=0x000001a907586da2 sp=0x00000098793fec70 mode 2
Event: 1449.748 Thread 0x000001a97f1bfa30 Uncommon trap: trap_request=0xffffffde fr.pc=0x000001a907cdf5f4 relative=0x0000000000000294
Event: 1449.748 Thread 0x000001a97f1bfa30 Uncommon trap: reason=class_check action=maybe_recompile pc=0x000001a907cdf5f4 method=java.nio.charset.Charset.lookup(Ljava/lang/String;)Ljava/nio/charset/Charset; @ 35 c2
Event: 1449.748 Thread 0x000001a97f1bfa30 DEOPT PACKING pc=0x000001a907cdf5f4 sp=0x00000098789f7fe0
Event: 1449.748 Thread 0x000001a97f1bfa30 DEOPT UNPACKING pc=0x000001a907586da2 sp=0x00000098789f7f70 mode 2

Classes loaded (20 events):
Event: 867.068 Loading class java/io/BufferedReader$1
Event: 867.085 Loading class java/io/BufferedReader$1 done
Event: 903.054 Loading class jdk/internal/module/IllegalAccessLogger
Event: 903.054 Loading class jdk/internal/module/IllegalAccessLogger done
Event: 936.094 Loading class jdk/internal/module/IllegalAccessLogger
Event: 936.094 Loading class jdk/internal/module/IllegalAccessLogger done
Event: 1428.997 Loading class jdk/internal/event/SecurityPropertyModificationEvent
Event: 1429.029 Loading class jdk/internal/event/SecurityPropertyModificationEvent done
Event: 1431.576 Loading class javax/xml/transform/TransformerConfigurationException
Event: 1431.708 Loading class javax/xml/transform/TransformerConfigurationException done
Event: 1432.976 Loading class java/lang/UnsupportedClassVersionError
Event: 1432.982 Loading class java/lang/UnsupportedClassVersionError done
Event: 1448.061 Loading class java/util/stream/ReduceOps$5
Event: 1448.063 Loading class java/util/stream/ReduceOps$5 done
Event: 1448.064 Loading class java/util/stream/ReduceOps$CountingSink$OfRef
Event: 1448.065 Loading class java/util/stream/ReduceOps$CountingSink
Event: 1448.066 Loading class java/util/stream/ReduceOps$CountingSink done
Event: 1448.066 Loading class java/util/stream/ReduceOps$CountingSink$OfRef done
Event: 1449.135 Loading class jdk/internal/module/IllegalAccessLogger
Event: 1449.135 Loading class jdk/internal/module/IllegalAccessLogger done

Classes unloaded (20 events):
Event: 705.837 Thread 0x000001a973567bb0 Unloading class 0x000001a910894de0 'org/codehaus/plexus/interpolation/ValueSource'
Event: 705.837 Thread 0x000001a973567bb0 Unloading class 0x000001a910894a18 'org/apache/maven/shared/filtering/MavenResourcesExecution'
Event: 705.837 Thread 0x000001a973567bb0 Unloading class 0x000001a910894740 'org/apache/maven/shared/filtering/AbstractMavenFilteringRequest'
Event: 705.837 Thread 0x000001a973567bb0 Unloading class 0x000001a9108944e0 'org/apache/maven/shared/filtering/MavenFilteringException'
Event: 705.837 Thread 0x000001a973567bb0 Unloading class 0x000001a910894290 'org/apache/maven/shared/filtering/DefaultMavenResourcesFiltering'
Event: 705.837 Thread 0x000001a973567bb0 Unloading class 0x000001a91088de00 'org/apache/maven/shared/filtering/MavenResourcesFiltering'
Event: 705.837 Thread 0x000001a973567bb0 Unloading class 0x000001a910894000 'org/apache/maven/shared/filtering/DefaultMavenReaderFilter'
Event: 705.837 Thread 0x000001a973567bb0 Unloading class 0x000001a91088dc00 'org/apache/maven/shared/filtering/MavenReaderFilter'
Event: 705.837 Thread 0x000001a973567bb0 Unloading class 0x000001a91088d960 'org/apache/maven/shared/filtering/DefaultMavenFileFilter'
Event: 705.837 Thread 0x000001a973567bb0 Unloading class 0x000001a91088d710 'org/apache/maven/shared/filtering/BaseFilter'
Event: 705.837 Thread 0x000001a973567bb0 Unloading class 0x000001a91088d510 'org/apache/maven/shared/filtering/MavenFileFilter'
Event: 705.837 Thread 0x000001a973567bb0 Unloading class 0x000001a91088d310 'org/apache/maven/shared/filtering/DefaultFilterInfo'
Event: 705.837 Thread 0x000001a973567bb0 Unloading class 0x000001a91088d000 'org/apache/maven/plugins/resources/TestResourcesMojo'
Event: 705.837 Thread 0x000001a973567bb0 Unloading class 0x000001a91088c400 'org/apache/maven/plugins/maven_resources_plugin/HelpMojo'
Event: 705.837 Thread 0x000001a973567bb0 Unloading class 0x000001a91088cb10 'org/apache/maven/plugins/resources/CopyResourcesMojo'
Event: 705.837 Thread 0x000001a973567bb0 Unloading class 0x000001a91088c800 'org/apache/maven/plugins/resources/ResourcesMojo'
Event: 705.838 Thread 0x000001a973567bb0 Unloading class 0x000001a91086d400 'java/lang/invoke/LambdaForm$DMH+0x000001a91086d400'
Event: 705.838 Thread 0x000001a973567bb0 Unloading class 0x000001a91086d000 'java/lang/invoke/LambdaForm$DMH+0x000001a91086d000'
Event: 705.838 Thread 0x000001a973567bb0 Unloading class 0x000001a91086cc00 'java/lang/invoke/LambdaForm$DMH+0x000001a91086cc00'
Event: 705.838 Thread 0x000001a973567bb0 Unloading class 0x000001a91086c800 'java/lang/invoke/LambdaForm$DMH+0x000001a91086c800'

Classes redefined (0 events):
No events

Internal exceptions (20 events):
Event: 1243.091 Thread 0x000001a97f1c2190 Exception <a 'sun/nio/fs/WindowsException'{0x00000000d5763798}> (0x00000000d5763798) 
thrown [s\src\hotspot\share\prims\jni.cpp, line 520]
Event: 1243.093 Thread 0x000001a97f1c2190 Exception <a 'sun/nio/fs/WindowsException'{0x00000000d57645b8}> (0x00000000d57645b8) 
thrown [s\src\hotspot\share\prims\jni.cpp, line 520]
Event: 1260.518 Thread 0x000001a97f1c2190 Implicit null exception at 0x000001a908db2224 to 0x000001a908db2a2c
Event: 1427.584 Thread 0x000001a97de07630 Exception <a 'java/lang/NoSuchMethodError'{0x00000000d5654d90}: 'java.lang.Object java.lang.invoke.DirectMethodHandle$Holder.invokeSpecial(java.lang.Object, java.lang.Object, int, long)'> (0x00000000d5654d90) 
thrown [s\src\hotspot\share\interpreter\linkResolver.cpp, line 773]
Event: 1431.713 Thread 0x000001a97ebe6c00 Exception <a 'java/lang/IncompatibleClassChangeError'{0x00000000d55a17f8}: Found class java.lang.Object, but interface was expected> (0x00000000d55a17f8) 
thrown [s\src\hotspot\share\interpreter\linkResolver.cpp, line 840]
Event: 1431.934 Thread 0x000001a97ebe6c00 Exception <a 'java/lang/IncompatibleClassChangeError'{0x00000000d56cf1d0}: Found class java.lang.Object, but interface was expected> (0x00000000d56cf1d0) 
thrown [s\src\hotspot\share\interpreter\linkResolver.cpp, line 840]
Event: 1431.963 Thread 0x000001a97ebe6c00 Exception <a 'java/lang/IncompatibleClassChangeError'{0x00000000d5768938}: Found class java.lang.Object, but interface was expected> (0x00000000d5768938) 
thrown [s\src\hotspot\share\interpreter\linkResolver.cpp, line 840]
Event: 1432.140 Thread 0x000001a97de09700 Implicit null exception at 0x000001a907cc7406 to 0x000001a907cc74fc
Event: 1432.141 Thread 0x000001a97de09700 Implicit null exception at 0x000001a907ddadda to 0x000001a907ddae61
Event: 1432.147 Thread 0x000001a97f1bed10 Exception <a 'java/lang/NoSuchMethodError'{0x00000000d567e3b8}: 'java.lang.Object java.lang.invoke.DirectMethodHandle$Holder.invokeSpecial(java.lang.Object, java.lang.Object, java.lang.Object, java.lang.Object, int, java.lang.Object, java.lang.Object)'> (0x00000000d567e3b8) 
thrown [s\src\hotspot\share\interpreter\linkResolver.cpp, line 773]
Event: 1432.576 Thread 0x000001a97ebe6c00 Exception <a 'java/lang/IncompatibleClassChangeError'{0x00000000d5584f68}: Found class java.lang.Object, but interface was expected> (0x00000000d5584f68) 
thrown [s\src\hotspot\share\interpreter\linkResolver.cpp, line 840]
Event: 1432.782 Thread 0x000001a97ebe6c00 Exception <a 'java/lang/IncompatibleClassChangeError'{0x00000000d56360f0}: Found class java.lang.Object, but interface was expected> (0x00000000d56360f0) 
thrown [s\src\hotspot\share\interpreter\linkResolver.cpp, line 840]
Event: 1432.959 Thread 0x000001a97f1bed10 Implicit null exception at 0x000001a90824f880 to 0x000001a90824f8fd
Event: 1434.667 Thread 0x000001a97f1be680 Exception <a 'java/lang/NoSuchMethodError'{0x00000000d55c7990}: 'int java.lang.invoke.Invokers$Holder.invokeExact_MT(java.lang.Object, java.lang.Object)'> (0x00000000d55c7990) 
thrown [s\src\hotspot\share\interpreter\linkResolver.cpp, line 773]
Event: 1436.097 Thread 0x000001a97ebe6c00 Exception <a 'java/lang/IncompatibleClassChangeError'{0x00000000d55d5840}: Found class java.lang.Object, but interface was expected> (0x00000000d55d5840) 
thrown [s\src\hotspot\share\interpreter\linkResolver.cpp, line 840]
Event: 1436.475 Thread 0x000001a97de07cc0 Implicit null exception at 0x000001a909297e25 to 0x000001a909299a68
Event: 1436.506 Thread 0x000001a97de09070 Exception <a 'java/lang/NoSuchMethodError'{0x00000000d56eab18}: 'java.lang.Object java.lang.invoke.DirectMethodHandle$Holder.invokeStatic(java.lang.Object, int, int, java.lang.Object)'> (0x00000000d56eab18) 
thrown [s\src\hotspot\share\interpreter\linkResolver.cpp, line 773]
Event: 1437.115 Thread 0x000001a97de07cc0 Exception <a 'java/lang/NoSuchMethodError'{0x00000000d5580560}: 'void java.lang.invoke.DirectMethodHandle$Holder.invokeVirtual(java.lang.Object, java.lang.Object, java.lang.Object, java.lang.Object, java.lang.Object)'> (0x00000000d5580560) 
thrown [s\src\hotspot\share\interpreter\linkResolver.cpp, line 773]
Event: 1444.755 Thread 0x000001a97de06fa0 Implicit null exception at 0x000001a908ce7421 to 0x000001a908ce78b0
Event: 1449.271 Thread 0x000001a97f1bfa30 Exception <a 'java/io/FileNotFoundException'{0x00000000d561a660}> (0x00000000d561a660) 
thrown [s\src\hotspot\share\prims\jni.cpp, line 520]

ZGC Phase Switch (0 events):
No events

VM Operations (20 events):
Event: 1448.665 Executing VM operation: ParallelGCFailedAllocation (Allocation Failure)
Event: 1448.733 Executing VM operation: ParallelGCFailedAllocation (Allocation Failure) done
Event: 1448.740 Executing VM operation: ParallelGCFailedAllocation (Allocation Failure)
Event: 1448.776 Executing VM operation: ParallelGCFailedAllocation (Allocation Failure) done
Event: 1448.787 Executing VM operation: ParallelGCFailedAllocation (Allocation Failure)
Event: 1448.822 Executing VM operation: ParallelGCFailedAllocation (Allocation Failure) done
Event: 1448.839 Executing VM operation: ParallelGCFailedAllocation (Allocation Failure)
Event: 1448.846 Executing VM operation: ParallelGCFailedAllocation (Allocation Failure) done
Event: 1448.885 Executing VM operation: ParallelGCFailedAllocation (Allocation Failure)
Event: 1448.902 Executing VM operation: ParallelGCFailedAllocation (Allocation Failure) done
Event: 1448.971 Executing VM operation: ParallelGCFailedAllocation (Allocation Failure)
Event: 1448.976 Executing VM operation: ParallelGCFailedAllocation (Allocation Failure) done
Event: 1449.061 Executing VM operation: ParallelGCFailedAllocation (Allocation Failure)
Event: 1449.067 Executing VM operation: ParallelGCFailedAllocation (Allocation Failure) done
Event: 1449.085 Executing VM operation: ParallelGCFailedAllocation (Allocation Failure)
Event: 1449.088 Executing VM operation: ParallelGCFailedAllocation (Allocation Failure) done
Event: 1449.154 Executing VM operation: ParallelGCFailedAllocation (Allocation Failure)
Event: 1449.157 Executing VM operation: ParallelGCFailedAllocation (Allocation Failure) done
Event: 1449.641 Executing VM operation: ParallelGCFailedAllocation (Allocation Failure)
Event: 1449.644 Executing VM operation: ParallelGCFailedAllocation (Allocation Failure) done

Memory protections (0 events):
No events

Nmethod flushes (20 events):
Event: 707.102 Thread 0x000001a973567bb0 flushing  nmethod 0x000001a90219a810
Event: 707.102 Thread 0x000001a973567bb0 flushing  nmethod 0x000001a90219b090
Event: 707.102 Thread 0x000001a973567bb0 flushing  nmethod 0x000001a90219c190
Event: 707.102 Thread 0x000001a973567bb0 flushing  nmethod 0x000001a9021aae10
Event: 707.102 Thread 0x000001a973567bb0 flushing  nmethod 0x000001a9021b3010
Event: 707.102 Thread 0x000001a973567bb0 flushing  nmethod 0x000001a9021bd310
Event: 707.102 Thread 0x000001a973567bb0 flushing  nmethod 0x000001a9021bdb10
Event: 707.103 Thread 0x000001a973567bb0 flushing  nmethod 0x000001a9021da790
Event: 707.103 Thread 0x000001a973567bb0 flushing  nmethod 0x000001a9021f3390
Event: 707.103 Thread 0x000001a973567bb0 flushing  nmethod 0x000001a902225d10
Event: 707.104 Thread 0x000001a973567bb0 flushing  nmethod 0x000001a902238f90
Event: 707.104 Thread 0x000001a973567bb0 flushing  nmethod 0x000001a902256510
Event: 707.104 Thread 0x000001a973567bb0 flushing  nmethod 0x000001a9022d2b10
Event: 707.104 Thread 0x000001a973567bb0 flushing  nmethod 0x000001a9022f1090
Event: 707.105 Thread 0x000001a973567bb0 flushing  nmethod 0x000001a90235b510
Event: 707.105 Thread 0x000001a973567bb0 flushing  nmethod 0x000001a902366a10
Event: 707.105 Thread 0x000001a973567bb0 flushing  nmethod 0x000001a9028e0590
Event: 707.105 Thread 0x000001a973567bb0 flushing  nmethod 0x000001a9028e2010
Event: 707.106 Thread 0x000001a973567bb0 flushing  nmethod 0x000001a9028eb410
Event: 707.106 Thread 0x000001a973567bb0 flushing  nmethod 0x000001a9028ebf10

Events (20 events):
Event: 1428.416 Thread 0x000001a97de07cc0 Thread exited: 0x000001a97de07cc0
Event: 1428.486 Thread 0x000001a97ebe6c00 Thread added: 0x000001a97de07cc0
Event: 1429.281 Thread 0x000001a97de07cc0 Thread added: 0x000001a97de04ed0
Event: 1430.110 Thread 0x000001a973443ab0 Thread added: 0x000001a97e9de470
Event: 1431.498 Thread 0x000001a97ebe6c00 Thread added: 0x000001a97de09700
Event: 1431.564 Thread 0x000001a97de09700 Thread added: 0x000001a97de089e0
Event: 1431.581 Thread 0x000001a97e9de470 Thread exited: 0x000001a97e9de470
Event: 1431.705 Thread 0x000001a97de089e0 Thread added: 0x000001a97de09070
Event: 1431.922 Thread 0x000001a97ebe6c00 Thread added: 0x000001a97f1bed10
Event: 1431.945 Thread 0x000001a97ebe6c00 Thread added: 0x000001a97f1be680
Event: 1431.999 Thread 0x000001a97ebe6c00 Thread added: 0x000001a97f1bf3a0
Event: 1432.465 Thread 0x000001a97de04ed0 Thread exited: 0x000001a97de04ed0
Event: 1435.526 Thread 0x000001a97c752dd0 Thread added: 0x000001a95588d8a0
Event: 1435.796 Thread 0x000001a95588d8a0 Thread added: 0x000001a97e9de470
Event: 1436.496 Thread 0x000001a97e9de470 Thread exited: 0x000001a97e9de470
Event: 1439.855 Thread 0x000001a95588d8a0 Thread exited: 0x000001a95588d8a0
Event: 1442.620 Thread 0x000001a97de06fa0 Thread added: 0x000001a97f1bfa30
Event: 1442.625 Thread 0x000001a97de08350 Thread added: 0x000001a97f1bcc40
Event: 1448.365 Thread 0x000001a97f1bfa30 Thread added: 0x000001a97f1c2eb0
Event: 1449.274 Thread 0x000001a97f1bfa30 Thread added: 0x000001a97f1c3540


Dynamic libraries:
0x00007ff7612e0000 - 0x00007ff7612ee000 	c:\Users\Evans Kojo Aidoo\.cursor\extensions\redhat.java-1.45.0-win32-x64\jre\21.0.8-win32-x86_64\bin\java.exe
0x00007ffc81520000 - 0x00007ffc81789000 	C:\WINDOWS\SYSTEM32\ntdll.dll
0x00007ffc80710000 - 0x00007ffc807d9000 	C:\WINDOWS\System32\KERNEL32.DLL
0x00007ffc7eef0000 - 0x00007ffc7f2e3000 	C:\WINDOWS\System32\KERNELBASE.dll
0x00007ffc7eda0000 - 0x00007ffc7eeeb000 	C:\WINDOWS\System32\ucrtbase.dll
0x00007ffc44af0000 - 0x00007ffc44b08000 	c:\Users\Evans Kojo Aidoo\.cursor\extensions\redhat.java-1.45.0-win32-x64\jre\21.0.8-win32-x86_64\bin\jli.dll
0x00007ffc7f3d0000 - 0x00007ffc7f594000 	C:\WINDOWS\System32\USER32.dll
0x00007ffc7ead0000 - 0x00007ffc7eaf7000 	C:\WINDOWS\System32\win32u.dll
0x00007ffc80ab0000 - 0x00007ffc80adb000 	C:\WINDOWS\System32\GDI32.dll
0x00007ffc7e6b0000 - 0x00007ffc7e7dd000 	C:\WINDOWS\System32\gdi32full.dll
0x00007ffc7e7e0000 - 0x00007ffc7e883000 	C:\WINDOWS\System32\msvcp_win.dll
0x00007ffc1b2c0000 - 0x00007ffc1b2de000 	c:\Users\Evans Kojo Aidoo\.cursor\extensions\redhat.java-1.45.0-win32-x64\jre\21.0.8-win32-x86_64\bin\VCRUNTIME140.dll
0x00007ffc63b70000 - 0x00007ffc63e03000 	C:\WINDOWS\WinSxS\amd64_microsoft.windows.common-controls_6595b64144ccf1df_6.0.26100.5074_none_3e0d6f78e32fd63f\COMCTL32.dll
0x00007ffc7fe40000 - 0x00007ffc7fee9000 	C:\WINDOWS\System32\msvcrt.dll
0x00007ffc80d60000 - 0x00007ffc80d8f000 	C:\WINDOWS\System32\IMM32.DLL
0x00007ffc5c2e0000 - 0x00007ffc5c2ec000 	c:\Users\Evans Kojo Aidoo\.cursor\extensions\redhat.java-1.45.0-win32-x64\jre\21.0.8-win32-x86_64\bin\vcruntime140_1.dll
0x00007ffbe1390000 - 0x00007ffbe141d000 	c:\Users\Evans Kojo Aidoo\.cursor\extensions\redhat.java-1.45.0-win32-x64\jre\21.0.8-win32-x86_64\bin\msvcp140.dll
0x00007ffbd78a0000 - 0x00007ffbd8637000 	c:\Users\Evans Kojo Aidoo\.cursor\extensions\redhat.java-1.45.0-win32-x64\jre\21.0.8-win32-x86_64\bin\server\jvm.dll
0x00007ffc809f0000 - 0x00007ffc80aa4000 	C:\WINDOWS\System32\ADVAPI32.dll
0x00007ffc813b0000 - 0x00007ffc81456000 	C:\WINDOWS\System32\sechost.dll
0x00007ffc80c40000 - 0x00007ffc80d58000 	C:\WINDOWS\System32\RPCRT4.dll
0x00007ffc81460000 - 0x00007ffc814d4000 	C:\WINDOWS\System32\WS2_32.dll
0x00007ffc7e510000 - 0x00007ffc7e56e000 	C:\WINDOWS\SYSTEM32\POWRPROF.dll
0x00007ffc660a0000 - 0x00007ffc660d5000 	C:\WINDOWS\SYSTEM32\WINMM.dll
0x00007ffc6d660000 - 0x00007ffc6d66b000 	C:\WINDOWS\SYSTEM32\VERSION.dll
0x00007ffc7e4f0000 - 0x00007ffc7e504000 	C:\WINDOWS\SYSTEM32\UMPDC.dll
0x00007ffc7d450000 - 0x00007ffc7d46b000 	C:\WINDOWS\SYSTEM32\kernel.appcore.dll
0x00007ffc5bd00000 - 0x00007ffc5bd0a000 	c:\Users\Evans Kojo Aidoo\.cursor\extensions\redhat.java-1.45.0-win32-x64\jre\21.0.8-win32-x86_64\bin\jimage.dll
0x00007ffc7b470000 - 0x00007ffc7b6b2000 	C:\WINDOWS\SYSTEM32\DBGHELP.DLL
0x00007ffc80da0000 - 0x00007ffc8111b000 	C:\WINDOWS\System32\combase.dll
0x00007ffc7f2f0000 - 0x00007ffc7f3c7000 	C:\WINDOWS\System32\OLEAUT32.dll
0x00007ffc666f0000 - 0x00007ffc6672d000 	C:\WINDOWS\SYSTEM32\dbgcore.DLL
0x00007ffc7ed00000 - 0x00007ffc7ed99000 	C:\WINDOWS\System32\bcryptPrimitives.dll
0x00007ffc5b7c0000 - 0x00007ffc5b7cf000 	c:\Users\Evans Kojo Aidoo\.cursor\extensions\redhat.java-1.45.0-win32-x64\jre\21.0.8-win32-x86_64\bin\instrument.dll
0x00007ffc1b040000 - 0x00007ffc1b05f000 	c:\Users\Evans Kojo Aidoo\.cursor\extensions\redhat.java-1.45.0-win32-x64\jre\21.0.8-win32-x86_64\bin\java.dll
0x00007ffc7ffc0000 - 0x00007ffc8070d000 	C:\WINDOWS\System32\SHELL32.dll
0x00007ffc7eb90000 - 0x00007ffc7ecfc000 	C:\WINDOWS\System32\wintypes.dll
0x00007ffc7c2d0000 - 0x00007ffc7cb29000 	C:\WINDOWS\SYSTEM32\windows.storage.dll
0x00007ffc80870000 - 0x00007ffc80960000 	C:\WINDOWS\System32\SHCORE.dll
0x00007ffc7fc20000 - 0x00007ffc7fc82000 	C:\WINDOWS\System32\shlwapi.dll
0x00007ffc7e5d0000 - 0x00007ffc7e5f9000 	C:\WINDOWS\SYSTEM32\profapi.dll
0x00007ffc1b020000 - 0x00007ffc1b038000 	c:\Users\Evans Kojo Aidoo\.cursor\extensions\redhat.java-1.45.0-win32-x64\jre\21.0.8-win32-x86_64\bin\zip.dll
0x00007ffc54350000 - 0x00007ffc54360000 	C:\Users\Evans Kojo Aidoo\.cursor\extensions\redhat.java-1.45.0-win32-x64\jre\21.0.8-win32-x86_64\bin\net.dll
0x00007ffc776b0000 - 0x00007ffc777cf000 	C:\WINDOWS\SYSTEM32\WINHTTP.dll
0x00007ffc7d9b0000 - 0x00007ffc7da1b000 	C:\WINDOWS\system32\mswsock.dll
0x00007ffc19490000 - 0x00007ffc194a6000 	C:\Users\Evans Kojo Aidoo\.cursor\extensions\redhat.java-1.45.0-win32-x64\jre\21.0.8-win32-x86_64\bin\nio.dll
0x00007ffc54070000 - 0x00007ffc54080000 	c:\Users\Evans Kojo Aidoo\.cursor\extensions\redhat.java-1.45.0-win32-x64\jre\21.0.8-win32-x86_64\bin\verify.dll
0x00007ffc197d0000 - 0x00007ffc19814000 	C:\Users\Evans Kojo Aidoo\AppData\Roaming\Cursor\User\globalStorage\redhat.java\1.45.0\config_win\org.eclipse.equinox.launcher\org.eclipse.equinox.launcher.win32.win32.x86_64_1.2.1400.v20250801-0854\eclipse_11916.dll
0x00007ffc7fc90000 - 0x00007ffc7fe28000 	C:\WINDOWS\System32\ole32.dll
0x00007ffc7dd80000 - 0x00007ffc7dd9b000 	C:\WINDOWS\SYSTEM32\CRYPTSP.dll
0x00007ffc7d3b0000 - 0x00007ffc7d3eb000 	C:\WINDOWS\system32\rsaenh.dll
0x00007ffc7da50000 - 0x00007ffc7da7b000 	C:\WINDOWS\SYSTEM32\USERENV.dll
0x00007ffc7e5a0000 - 0x00007ffc7e5c6000 	C:\WINDOWS\SYSTEM32\bcrypt.dll
0x00007ffc7dbe0000 - 0x00007ffc7dbec000 	C:\WINDOWS\SYSTEM32\CRYPTBASE.dll
0x00007ffc7cf00000 - 0x00007ffc7cf34000 	C:\WINDOWS\SYSTEM32\IPHLPAPI.DLL
0x00007ffc7fc10000 - 0x00007ffc7fc1a000 	C:\WINDOWS\System32\NSI.dll
0x00007ffbf2580000 - 0x00007ffbf25c9000 	C:\Users\Evans Kojo Aidoo\AppData\Local\Temp\jna-1657696368\jna17854720405147141575.dll
0x00007ffc7fe30000 - 0x00007ffc7fe38000 	C:\WINDOWS\System32\PSAPI.DLL
0x00007ffc77830000 - 0x00007ffc7784e000 	C:\WINDOWS\SYSTEM32\dhcpcsvc6.DLL
0x00007ffc777e0000 - 0x00007ffc77803000 	C:\WINDOWS\SYSTEM32\dhcpcsvc.DLL
0x00007ffc483d0000 - 0x00007ffc483de000 	C:\Users\Evans Kojo Aidoo\.cursor\extensions\redhat.java-1.45.0-win32-x64\jre\21.0.8-win32-x86_64\bin\sunmscapi.dll
0x00007ffc7e890000 - 0x00007ffc7ea07000 	C:\WINDOWS\System32\CRYPT32.dll
0x00007ffc7ded0000 - 0x00007ffc7df00000 	C:\WINDOWS\SYSTEM32\ncrypt.dll
0x00007ffc7de80000 - 0x00007ffc7debf000 	C:\WINDOWS\SYSTEM32\NTASN1.dll
0x00007ffc7cf40000 - 0x00007ffc7d066000 	C:\WINDOWS\SYSTEM32\DNSAPI.dll
0x0000000051a50000 - 0x0000000051a76000 	C:\Program Files\Bonjour\mdnsNSP.dll
0x00007ffc75170000 - 0x00007ffc7517b000 	C:\Windows\System32\rasadhlp.dll
0x00007ffc77fd0000 - 0x00007ffc78056000 	C:\WINDOWS\System32\fwpuclnt.dll
0x00007ffc4bde0000 - 0x00007ffc4bde9000 	C:\Users\Evans Kojo Aidoo\.cursor\extensions\redhat.java-1.45.0-win32-x64\jre\21.0.8-win32-x86_64\bin\extnet.dll
0x00007ffc7d570000 - 0x00007ffc7d5a6000 	C:\WINDOWS\SYSTEM32\ntmarta.dll

JVMTI agents:
c:\Users\Evans Kojo Aidoo\.cursor\extensions\redhat.java-1.45.0-win32-x64\lombok\lombok-1.18.39-4050.jar path:c:\Users\Evans Kojo Aidoo\.cursor\extensions\redhat.java-1.45.0-win32-x64\jre\21.0.8-win32-x86_64\bin\instrument.dll, loaded, initialized, instrumentlib options:none

dbghelp: loaded successfully - version: 4.0.5 - missing functions: none
symbol engine: initialized successfully - sym options: 0x614 - pdb path: .;c:\Users\Evans Kojo Aidoo\.cursor\extensions\redhat.java-1.45.0-win32-x64\jre\21.0.8-win32-x86_64\bin;C:\WINDOWS\SYSTEM32;C:\WINDOWS\WinSxS\amd64_microsoft.windows.common-controls_6595b64144ccf1df_6.0.26100.5074_none_3e0d6f78e32fd63f;c:\Users\Evans Kojo Aidoo\.cursor\extensions\redhat.java-1.45.0-win32-x64\jre\21.0.8-win32-x86_64\bin\server;C:\Users\Evans Kojo Aidoo\AppData\Roaming\Cursor\User\globalStorage\redhat.java\1.45.0\config_win\org.eclipse.equinox.launcher\org.eclipse.equinox.launcher.win32.win32.x86_64_1.2.1400.v20250801-0854;C:\Users\Evans Kojo Aidoo\AppData\Local\Temp\jna-1657696368;C:\Program Files\Bonjour

VM Arguments:
jvm_args: --add-modules=ALL-SYSTEM --add-opens=java.base/java.util=ALL-UNNAMED --add-opens=java.base/java.lang=ALL-UNNAMED --add-opens=java.base/sun.nio.fs=ALL-UNNAMED -Declipse.application=org.eclipse.jdt.ls.core.id1 -Dosgi.bundles.defaultStartLevel=4 -Declipse.product=org.eclipse.jdt.ls.core.product -Djava.import.generatesMetadataFilesAtProjectRoot=false -DDetectVMInstallationsJob.disabled=true -Dfile.encoding=utf8 -XX:+UseParallelGC -XX:GCTimeRatio=4 -XX:AdaptiveSizePolicyWeight=90 -Dsun.zip.disableMemoryMapping=true -Xmx2G -Xms100m -Xlog:disable -javaagent:c:\Users\Evans Kojo Aidoo\.cursor\extensions\redhat.java-1.45.0-win32-x64\lombok\lombok-1.18.39-4050.jar -XX:+HeapDumpOnOutOfMemoryError -XX:HeapDumpPath=c:\Users\Evans Kojo Aidoo\AppData\Roaming\Cursor\User\workspaceStorage\29729b227c44ccf91c9fd662e58fc224\redhat.java -Daether.dependencyCollector.impl=bf 
java_command: c:\Users\Evans Kojo Aidoo\.cursor\extensions\redhat.java-1.45.0-win32-x64\server\plugins\org.eclipse.equinox.launcher_1.7.0.v20250519-0528.jar -configuration c:\Users\Evans Kojo Aidoo\AppData\Roaming\Cursor\User\globalStorage\redhat.java\1.45.0\config_win -data c:\Users\Evans Kojo Aidoo\AppData\Roaming\Cursor\User\workspaceStorage\29729b227c44ccf91c9fd662e58fc224\redhat.java\jdt_ws --pipe=\\.\pipe\lsp-5c5a5e2b029de04a4f9bbecab51185f7-sock
java_class_path (initial): c:\Users\Evans Kojo Aidoo\.cursor\extensions\redhat.java-1.45.0-win32-x64\server\plugins\org.eclipse.equinox.launcher_1.7.0.v20250519-0528.jar
Launcher Type: SUN_STANDARD

[Global flags]
    uintx AdaptiveSizePolicyWeight                 = 90                                        {product} {command line}
     intx CICompilerCount                          = 4                                         {product} {ergonomic}
    uintx GCTimeRatio                              = 4                                         {product} {command line}
     bool HeapDumpOnOutOfMemoryError               = true                                   {manageable} {command line}
    ccstr HeapDumpPath                             = c:\Users\Evans Kojo Aidoo\AppData\Roaming\Cursor\User\workspaceStorage\29729b227c44ccf91c9fd662e58fc224\redhat.java         {manageable} {command line}
   size_t InitialHeapSize                          = 104857600                                 {product} {command line}
   size_t MaxHeapSize                              = 2147483648                                {product} {command line}
   size_t MaxNewSize                               = 715653120                                 {product} {ergonomic}
   size_t MinHeapDeltaBytes                        = 524288                                    {product} {ergonomic}
   size_t MinHeapSize                              = 104857600                                 {product} {command line}
   size_t NewSize                                  = 34603008                                  {product} {ergonomic}
    uintx NonNMethodCodeHeapSize                   = 5839372                                {pd product} {ergonomic}
    uintx NonProfiledCodeHeapSize                  = 122909434                              {pd product} {ergonomic}
   size_t OldSize                                  = 70254592                                  {product} {ergonomic}
    uintx ProfiledCodeHeapSize                     = 122909434                              {pd product} {ergonomic}
    uintx ReservedCodeCacheSize                    = 251658240                              {pd product} {ergonomic}
     bool SegmentedCodeCache                       = true                                      {product} {ergonomic}
   size_t SoftMaxHeapSize                          = 2147483648                             {manageable} {ergonomic}
     bool UseCompressedOops                        = true                           {product lp64_product} {ergonomic}
     bool UseLargePagesIndividualAllocation        = false                                  {pd product} {ergonomic}
     bool UseParallelGC                            = true                                      {product} {command line}

Logging:
Log output configuration:
 #0: stdout all=off uptime,level,tags foldmultilines=false
 #1: stderr all=off uptime,level,tags foldmultilines=false

Environment Variables:
JAVA_HOME=C:\Users\Evans Kojo Aidoo\Desktop\Java\zulu24.32.13-ca-jdk24.0.2-win_x64\zulu24.32.13-ca-jdk24.0.2-win_x64
PATH=C:\Users\Evans Kojo Aidoo\Desktop\Java\zulu24.32.13-ca-jdk24.0.2-win_x64\zulu24.32.13-ca-jdk24.0.2-win_x64\bin;C:\Python313\Scripts\;C:\Python313\;C:\Users\Evans Kojo Aidoo\AppData\Local\Programs\Python\Python312\Scripts\;C:\Users\Evans Kojo Aidoo\AppData\Local\Programs\Python\Python312\;C:\WINDOWS\system32;C:\WINDOWS;C:\WINDOWS\System32\Wbem;C:\WINDOWS\System32\WindowsPowerShell\v1.0\;C:\WINDOWS\System32\OpenSSH\;C:\Program Files\Microsoft SQL Server\Client SDK\ODBC\170\Tools\Binn\;C:\Users\Evans Kojo Aidoo\Desktop\C++ VIDEOS\mingw64\bin;C:\ProgramData\chocolatey\bin;%NVM_HOME%;%NVM_SYMLINK%;C:\Program Files\nvm;C:\Program Files\nodejs;C:\Program Files\Git\cmd;c:\Users\Evans Kojo Aidoo\AppData\Local\Programs\cursor\resources\app\bin;C:\Program Files\WiX Toolset v6.0\bin\;C:\Program Files\WiX Toolset v6.0\bin;;C:\WINDOWS\system32;C:\WINDOWS;C:\WINDOWS\System32\Wbem;C:\WINDOWS\System32\WindowsPowerShell\v1.0\;C:\WINDOWS\System32\OpenSSH\;C:\Program Files\nodejs\;C:\Program Files\Docker\Docker\resources\bin;C:\Program Files\Amazon\AWSCLIV2\;C:\Users\Evans Kojo Aidoo\Desktop\Java\zulu24.32.13-ca-jdk24.0.2-win_x64\zulu24.32.13-ca-jdk24.0.2-win_x64\bin;C:\Program Files\MySQL\MySQL Shell 8.0\bin\;C:\Users\Evans Kojo Aidoo\anaconda3;C:\Users\Evans Kojo Aidoo\anaconda3\Library\mingw-w64\bin;C:\Users\Evans Kojo Aidoo\anaconda3\Library\usr\bin;C:\Users\Evans Kojo Aidoo\anaconda3\Library\bin;C:\Users\Evans Kojo Aidoo\anaconda3\Scripts;C:\Users\Evans Kojo Aidoo\AppData\Local\Microsoft\WindowsApps;C:\Program Files\JetBrains\PyCharm Community Edition 2023.3.3\bin;;C:\Users\Evans Kojo Aidoo\AppData\Local\Programs\Microsoft VS Code\bin;C:\Users\Evans Kojo Aidoo\Desktop\C++ VIDEOS\mingw64\bin;C:\Users\Evans Kojo Aidoo\Desktop\C++\mingw64\bin;C:\Program Files\JetBrains\IntelliJ IDEA Community Edition 2025.1.1.1\bin;;C:\Users\Evans Kojo Aidoo\AppData\Local\GitHubDesktop\bin;%NVM_HOME%;%NVM_SYMLINK%;C:\Program Files\JetBrains\IntelliJ IDEA 2025.1.1.1\bin;;C:\Users\Evans Kojo Aidoo\Desktop\Java\maven-mvnd-1.0.2-windows-amd64\bin;C:\Users\Evans Kojo Aidoo\Desktop\Java\gradle-8.14.2\bin;C:\Users\Evans Kojo Aidoo\AppData\Local\Programs\cursor\resources\app\bin;C:\Users\Evans Kojo Aidoo\Desktop\Java\jdk-23\bin;C:\Users\Evans Kojo Aidoo\.bun\bin;C:\Users\Evans Kojo Aidoo\AppData\Roaming\npm;C:\Users\Evans Kojo Aidoo\AppData\Local\Android\Sdk\platform-tools;
USERNAME=Evans Kojo Aidoo
XDG_CONFIG_HOME=C:\Users\Evans Kojo Aidoo
OS=Windows_NT
PROCESSOR_IDENTIFIER=Intel64 Family 6 Model 126 Stepping 5, GenuineIntel
TMP=C:\Users\EVANSK~1\AppData\Local\Temp
TEMP=C:\Users\EVANSK~1\AppData\Local\Temp




Periodic native trim disabled

---------------  S Y S T E M  ---------------

OS:
 Windows 11 , 64 bit Build 26100 (10.0.26100.5074)
OS uptime: 0 days 7:38 hours
Hyper-V role detected

CPU: total 8 (initial active 8) (4 cores per cpu, 2 threads per core) family 6 model 126 stepping 5 microcode 0xa8, cx8, cmov, fxsr, ht, mmx, 3dnowpref, sse, sse2, sse3, ssse3, sse4.1, sse4.2, popcnt, lzcnt, tsc, tscinvbit, avx, avx2, aes, erms, clmul, bmi1, bmi2, adx, avx512f, avx512dq, avx512cd, avx512bw, avx512vl, sha, fma, vzeroupper, avx512_vpopcntdq, avx512_vpclmulqdq, avx512_vaes, avx512_vnni, clflush, clflushopt, avx512_vbmi2, avx512_vbmi, hv, rdtscp, rdpid, fsrm, gfni, avx512_bitalg, f16c, avx512_ifma
Processor Information for the first 8 processors :
  Max Mhz: 1190, Current Mhz: 991, Mhz Limit: 987

Memory: 4k page, system-wide physical 7973M (504M free)
TotalPageFile size 19491M (AvailPageFile size 0M)
current process WorkingSet (physical memory assigned to process): 495M, peak: 553M
current process commit charge ("private bytes"): 1193M, peak: 1198M

vm_info: OpenJDK 64-Bit Server VM (21.0.8+9-LTS) for windows-amd64 JRE (21.0.8+9-LTS), built on 2025-07-15T00:00:00Z by "admin" with MS VC++ 17.7 (VS2022)

END.
